Archive member included to satisfy reference by file (symbol)

c:/nxp/lpcxpresso_8.2.2_650/lpcxpresso/tools/bin/../lib/gcc/arm-none-eabi/5.4.1/armv7-m\libgcc.a(_arm_addsubdf3.o)
                              ./module/functions.o (__aeabi_dsub)
c:/nxp/lpcxpresso_8.2.2_650/lpcxpresso/tools/bin/../lib/gcc/arm-none-eabi/5.4.1/armv7-m\libgcc.a(_arm_muldivdf3.o)
                              ./module/functions.o (__aeabi_dmul)
c:/nxp/lpcxpresso_8.2.2_650/lpcxpresso/tools/bin/../lib/gcc/arm-none-eabi/5.4.1/armv7-m\libgcc.a(_arm_cmpdf2.o)
                              ./module/functions.o (__aeabi_dcmplt)
c:/nxp/lpcxpresso_8.2.2_650/lpcxpresso/tools/bin/../lib/gcc/arm-none-eabi/5.4.1/armv7-m\libgcc.a(_arm_fixdfsi.o)
                              ./mbed-src/targets/hal/TARGET_NXP/TARGET_LPC176X/spi_api.o (__aeabi_d2iz)
c:/nxp/lpcxpresso_8.2.2_650/lpcxpresso/tools/bin/../lib/gcc/arm-none-eabi/5.4.1/armv7-m\libgcc.a(_arm_truncdfsf2.o)
                              ./module/functions.o (__aeabi_d2f)
c:/nxp/lpcxpresso_8.2.2_650/lpcxpresso/tools/bin/../lib/gcc/arm-none-eabi/5.4.1/armv7-m\libgcc.a(_arm_addsubsf3.o)
                              ./module/functions.o (__aeabi_fsub)
c:/nxp/lpcxpresso_8.2.2_650/lpcxpresso/tools/bin/../lib/gcc/arm-none-eabi/5.4.1/armv7-m\libgcc.a(_arm_muldivsf3.o)
                              ./module/SoftPWM.o (__aeabi_fmul)
c:/nxp/lpcxpresso_8.2.2_650/lpcxpresso/tools/bin/../lib/gcc/arm-none-eabi/5.4.1/armv7-m\libgcc.a(_arm_cmpsf2.o)
                              ./module/functions.o (__aeabi_fcmpeq)
c:/nxp/lpcxpresso_8.2.2_650/lpcxpresso/tools/bin/../lib/gcc/arm-none-eabi/5.4.1/armv7-m\libgcc.a(_arm_fixsfsi.o)
                              ./mbed-src/targets/hal/TARGET_NXP/TARGET_LPC176X/analogout_api.o (__aeabi_f2iz)
c:/nxp/lpcxpresso_8.2.2_650/lpcxpresso/tools/bin/../lib/gcc/arm-none-eabi/5.4.1/armv7-m\libgcc.a(_arm_fixunssfsi.o)
                              ./module/SoftPWM.o (__aeabi_f2uiz)
c:/nxp/lpcxpresso_8.2.2_650/lpcxpresso/tools/bin/../lib/gcc/arm-none-eabi/5.4.1/armv7-m\libgcc.a(_aeabi_uldivmod.o)
                              ./mbed-src/targets/cmsis/TARGET_NXP/TARGET_LPC176X/system_LPC17xx.o (__aeabi_uldivmod)
c:/nxp/lpcxpresso_8.2.2_650/lpcxpresso/tools/bin/../lib/gcc/arm-none-eabi/5.4.1/armv7-m\libgcc.a(_udivmoddi4.o)
                              c:/nxp/lpcxpresso_8.2.2_650/lpcxpresso/tools/bin/../lib/gcc/arm-none-eabi/5.4.1/armv7-m\libgcc.a(_aeabi_uldivmod.o) (__udivmoddi4)
c:/nxp/lpcxpresso_8.2.2_650/lpcxpresso/tools/bin/../lib/gcc/arm-none-eabi/5.4.1/armv7-m\libgcc.a(_dvmd_tls.o)
                              c:/nxp/lpcxpresso_8.2.2_650/lpcxpresso/tools/bin/../lib/gcc/arm-none-eabi/5.4.1/armv7-m\libgcc.a(_aeabi_uldivmod.o) (__aeabi_ldiv0)
c:/nxp/lpcxpresso_8.2.2_650/lpcxpresso/tools/bin/../lib/gcc/arm-none-eabi/5.4.1/../../../../arm-none-eabi/lib/armv7-m\libc.a(lib_a-errno.o)
                              ./mbed-src/common/retarget.o (__errno)
c:/nxp/lpcxpresso_8.2.2_650/lpcxpresso/tools/bin/../lib/gcc/arm-none-eabi/5.4.1/../../../../arm-none-eabi/lib/armv7-m\libc.a(lib_a-fclose.o)
                              ./mbed-src/common/Stream.o (fclose)
c:/nxp/lpcxpresso_8.2.2_650/lpcxpresso/tools/bin/../lib/gcc/arm-none-eabi/5.4.1/../../../../arm-none-eabi/lib/armv7-m\libc.a(lib_a-fflush.o)
                              c:/nxp/lpcxpresso_8.2.2_650/lpcxpresso/tools/bin/../lib/gcc/arm-none-eabi/5.4.1/../../../../arm-none-eabi/lib/armv7-m\libc.a(lib_a-fclose.o) (__sflush_r)
c:/nxp/lpcxpresso_8.2.2_650/lpcxpresso/tools/bin/../lib/gcc/arm-none-eabi/5.4.1/../../../../arm-none-eabi/lib/armv7-m\libc.a(lib_a-fgetc.o)
                              ./mbed-src/common/Stream.o (fgetc)
c:/nxp/lpcxpresso_8.2.2_650/lpcxpresso/tools/bin/../lib/gcc/arm-none-eabi/5.4.1/../../../../arm-none-eabi/lib/armv7-m\libc.a(lib_a-fgets.o)
                              ./mbed-src/common/Stream.o (fgets)
c:/nxp/lpcxpresso_8.2.2_650/lpcxpresso/tools/bin/../lib/gcc/arm-none-eabi/5.4.1/../../../../arm-none-eabi/lib/armv7-m\libc.a(lib_a-findfp.o)
                              c:/nxp/lpcxpresso_8.2.2_650/lpcxpresso/tools/bin/../lib/gcc/arm-none-eabi/5.4.1/../../../../arm-none-eabi/lib/armv7-m\libc.a(lib_a-fclose.o) (__sinit)
c:/nxp/lpcxpresso_8.2.2_650/lpcxpresso/tools/bin/../lib/gcc/arm-none-eabi/5.4.1/../../../../arm-none-eabi/lib/armv7-m\libc.a(lib_a-fopen.o)
                              ./mbed-src/common/Stream.o (fopen)
c:/nxp/lpcxpresso_8.2.2_650/lpcxpresso/tools/bin/../lib/gcc/arm-none-eabi/5.4.1/../../../../arm-none-eabi/lib/armv7-m\libc.a(lib_a-fprintf.o)
                              ./mbed-src/targets/hal/TARGET_NXP/TARGET_LPC176X/analogin_api.o (fprintf)
c:/nxp/lpcxpresso_8.2.2_650/lpcxpresso/tools/bin/../lib/gcc/arm-none-eabi/5.4.1/../../../../arm-none-eabi/lib/armv7-m\libc.a(lib_a-fputc.o)
                              ./mbed-src/common/Stream.o (fputc)
[...]
Memory Configuration

Name             Origin             Length             Attributes
MFlash512        0x00000000         0x00080000         xr
RamLoc32         0x100000c8         0x00007f38         xrw
RamAHB32         0x2007c000         0x00008000         xrw
*default*        0x00000000         0xffffffff

Linker script and memory map

LOAD ./module/SoftPWM.o
LOAD ./module/encoder.o
LOAD ./module/functions.o
LOAD ./module/joint_motor.o
LOAD ./module/pid.o
LOAD ./module/polar_arm.o
LOAD ./mbed-src/targets/hal/TARGET_NXP/TARGET_LPC176X/analogin_api.o
LOAD ./mbed-src/targets/hal/TARGET_NXP/TARGET_LPC176X/analogout_api.o
LOAD ./mbed-src/targets/hal/TARGET_NXP/TARGET_LPC176X/can_api.o
LOAD ./mbed-src/targets/hal/TARGET_NXP/TARGET_LPC176X/ethernet_api.o
LOAD ./mbed-src/targets/hal/TARGET_NXP/TARGET_LPC176X/gpio_api.o
LOAD ./mbed-src/targets/hal/TARGET_NXP/TARGET_LPC176X/gpio_irq_api.o
LOAD ./mbed-src/targets/hal/TARGET_NXP/TARGET_LPC176X/i2c_api.o
LOAD ./mbed-src/targets/hal/TARGET_NXP/TARGET_LPC176X/pinmap.o
LOAD ./mbed-src/targets/hal/TARGET_NXP/TARGET_LPC176X/port_api.o
LOAD ./mbed-src/targets/hal/TARGET_NXP/TARGET_LPC176X/pwmout_api.o
LOAD ./mbed-src/targets/hal/TARGET_NXP/TARGET_LPC176X/rtc_api.o
LOAD ./mbed-src/targets/hal/TARGET_NXP/TARGET_LPC176X/serial_api.o
LOAD ./mbed-src/targets/hal/TARGET_NXP/TARGET_LPC176X/sleep.o
LOAD ./mbed-src/targets/hal/TARGET_NXP/TARGET_LPC176X/spi_api.o
LOAD ./mbed-src/targets/hal/TARGET_NXP/TARGET_LPC176X/us_ticker.o
LOAD ./mbed-src/targets/cmsis/TARGET_NXP/TARGET_LPC176X/TOOLCHAIN_GCC_CR/startup_LPC17xx.o
LOAD ./mbed-src/targets/cmsis/TARGET_NXP/TARGET_LPC176X/cmsis_nvic.o
LOAD ./mbed-src/targets/cmsis/TARGET_NXP/TARGET_LPC176X/system_LPC17xx.o
LOAD ./mbed-src/common/BusIn.o
LOAD ./mbed-src/common/BusInOut.o
LOAD ./mbed-src/common/BusOut.o
LOAD ./mbed-src/common/CAN.o
LOAD ./mbed-src/common/CallChain.o
LOAD ./mbed-src/common/Ethernet.o
LOAD ./mbed-src/common/FileBase.o
LOAD ./mbed-src/common/FileLike.o
LOAD ./mbed-src/common/FilePath.o
LOAD ./mbed-src/common/FileSystemLike.o
LOAD ./mbed-src/common/FunctionPointer.o
LOAD ./mbed-src/common/I2C.o
LOAD ./mbed-src/common/I2CSlave.o
LOAD ./mbed-src/common/InterruptIn.o
LOAD ./mbed-src/common/InterruptManager.o
LOAD ./mbed-src/common/LocalFileSystem.o
LOAD ./mbed-src/common/RawSerial.o
LOAD ./mbed-src/common/SPI.o
LOAD ./mbed-src/common/SPISlave.o
LOAD ./mbed-src/common/Serial.o
LOAD ./mbed-src/common/SerialBase.o
LOAD ./mbed-src/common/Stream.o
LOAD ./mbed-src/common/Ticker.o
LOAD ./mbed-src/common/Timeout.o
LOAD ./mbed-src/common/Timer.o
LOAD ./mbed-src/common/TimerEvent.o
LOAD ./mbed-src/common/board.o
LOAD ./mbed-src/common/exit.o
LOAD ./mbed-src/common/mbed_interface.o
LOAD ./mbed-src/common/pinmap_common.o
LOAD ./mbed-src/common/retarget.o
LOAD ./mbed-src/common/rtc_time.o
LOAD ./mbed-src/common/semihost_api.o
LOAD ./mbed-src/common/us_ticker_api.o
LOAD ./mbed-src/common/wait_api.o
LOAD ./QEI/QEI.o
LOAD ./BLdriver.o
LOAD ./main.o
LOAD ./pspad.o
START GROUP
LOAD c:/nxp/lpcxpresso_8.2.2_650/lpcxpresso/tools/bin/../lib/gcc/arm-none-eabi/5.4.1/armv7-m\libgcc.a
LOAD c:/nxp/lpcxpresso_8.2.2_650/lpcxpresso/tools/bin/../lib/gcc/arm-none-eabi/5.4.1/../../../../arm-none-eabi/lib/armv7-m\libc.a
LOAD c:/nxp/lpcxpresso_8.2.2_650/lpcxpresso/tools/bin/../lib/gcc/arm-none-eabi/5.4.1/../../../../arm-none-eabi/lib/armv7-m\libstdc++.a
LOAD c:/nxp/lpcxpresso_8.2.2_650/lpcxpresso/tools/bin/../lib/gcc/arm-none-eabi/5.4.1/../../../../arm-none-eabi/lib/armv7-m\libm.a
LOAD c:/nxp/lpcxpresso_8.2.2_650/lpcxpresso/tools/bin/../lib/gcc/arm-none-eabi/5.4.1/../../../../arm-none-eabi/lib/armv7-m\libcr_newlib_nohost.a
LOAD c:/nxp/lpcxpresso_8.2.2_650/lpcxpresso/tools/bin/../lib/gcc/arm-none-eabi/5.4.1/armv7-m\crti.o
LOAD c:/nxp/lpcxpresso_8.2.2_650/lpcxpresso/tools/bin/../lib/gcc/arm-none-eabi/5.4.1/armv7-m\crtn.o
LOAD c:/nxp/lpcxpresso_8.2.2_650/lpcxpresso/tools/bin/../lib/gcc/arm-none-eabi/5.4.1/armv7-m\crtbegin.o
LOAD c:/nxp/lpcxpresso_8.2.2_650/lpcxpresso/tools/bin/../lib/gcc/arm-none-eabi/5.4.1/armv7-m\crtend.o
END GROUP
                0x00080000                __top_MFlash512 = 0x80000
                0x10008000                __top_RamLoc32 = 0x10008000
                0x20084000                __top_RamAHB32 = 0x20084000

.text           0x00000000    0x13b74
 FILL mask 0xff
 *(.isr_vector)
 .isr_vector    0x00000000       0xcc ./mbed-src/targets/cmsis/TARGET_NXP/TARGET_LPC176X/TOOLCHAIN_GCC_CR/startup_LPC17xx.o
                0x00000000                g_pfnVectors
                0x000000cc                . = ALIGN (0x4)
                0x000000cc                __section_table_start = .
                0x000000cc                __data_section_table = .
                0x000000cc        0x4 LONG 0x13cc4 LOADADDR (.data)
                0x000000d0        0x4 LONG 0x100000c8 ADDR (.data)
                0x000000d4        0x4 LONG 0x8cc SIZEOF (.data)
                0x000000d8        0x4 LONG 0x13cc4 LOADADDR (.data_RAM2)
                0x000000dc        0x4 LONG 0x2007c000 ADDR (.data_RAM2)
                0x000000e0        0x4 LONG 0x0 SIZEOF (.data_RAM2)
                0x000000e4                __data_section_table_end = .
                0x000000e4                __bss_section_table = .
                0x000000e4        0x4 LONG 0x10000998 ADDR (.bss)
                0x000000e8        0x4 LONG 0x9f0 SIZEOF (.bss)
                0x000000ec        0x4 LONG 0x2007c000 ADDR (.bss_RAM2)
                0x000000f0        0x4 LONG 0x0 SIZEOF (.bss_RAM2)
                0x000000f4                __bss_section_table_end = .
                0x000000f4                __section_table_end = .
 *(.after_vectors*)
 .after_vectors
                0x000000f4      0x170 ./mbed-src/targets/cmsis/TARGET_NXP/TARGET_LPC176X/TOOLCHAIN_GCC_CR/startup_LPC17xx.o
                0x000000f4                data_init
                0x00000138                bss_init
                0x00000170                ResetISR
                0x000001ec                NMI_Handler
                0x000001f8                HardFault_Handler
                0x00000204                MemManage_Handler
                0x00000210                BusFault_Handler
                0x0000021c                UsageFault_Handler
                0x00000228                SVCall_Handler
                0x00000234                DebugMon_Handler
                0x00000240                PendSV_Handler
                0x0000024c                SysTick_Handler
                0x00000258                EINT2_IRQHandler
                0x00000258                UART1_IRQHandler
                0x00000258                EINT3_IRQHandler
                0x00000258                CANActivity_IRQHandler
                0x00000258                TIMER3_IRQHandler
                0x00000258                UART0_IRQHandler
                0x00000258                USBActivity_IRQHandler
                0x00000258                I2C1_IRQHandler
                0x00000258                IntDefaultHandler
                0x00000258                PLL0_IRQHandler
                0x00000258                I2C0_IRQHandler
                0x00000258                PLL1_IRQHandler
                0x00000258                PWM1_IRQHandler
                0x00000258                I2S_IRQHandler
                0x00000258                I2C2_IRQHandler
                0x00000258                RTC_IRQHandler
                0x00000258                TIMER0_IRQHandler
                0x00000258                SPI_IRQHandler
                0x00000258                RIT_IRQHandler
                0x00000258                EINT1_IRQHandler
                0x00000258                TIMER1_IRQHandler
                0x00000258                UART2_IRQHandler
                0x00000258                ADC_IRQHandler
                0x00000258                SSP1_IRQHandler
                0x00000258                USB_IRQHandler
                0x00000258                BOD_IRQHandler
                0x00000258                SSP0_IRQHandler
                0x00000258                WDT_IRQHandler
                0x00000258                QEI_IRQHandler
                0x00000258                EINT0_IRQHandler
                0x00000258                TIMER2_IRQHandler
                0x00000258                DMA_IRQHandler
                0x00000258                CAN_IRQHandler
                0x00000258                UART3_IRQHandler
                0x00000258                MCPWM_IRQHandler
                0x00000258                ENET_IRQHandler
 *(.text*)
 .text.gpio_write
                0x00000264       0x30 ./module/SoftPWM.o
 .text._ZN4mbed10DigitalOutC2E7PinName
                0x00000294       0x20 ./module/SoftPWM.o
                0x00000294                mbed::DigitalOut::DigitalOut(PinName)
                0x00000294                mbed::DigitalOut::DigitalOut(PinName)
 .text._ZN4mbed10DigitalOut5writeEi
                0x000002b4       0x1c ./module/SoftPWM.o
                0x000002b4                mbed::DigitalOut::write(int)
 .text._ZN4mbed10DigitalOutaSEi
                0x000002d0       0x1c ./module/SoftPWM.o
                0x000002d0                mbed::DigitalOut::operator=(int)
 .text._ZN4mbed6TickerC2Ev
                0x000002ec       0x30 ./module/SoftPWM.o
                0x000002ec                mbed::Ticker::Ticker()
                0x000002ec                mbed::Ticker::Ticker()
 .text._ZN4mbed7TimeoutC2Ev
                0x0000031c       0x24 ./module/SoftPWM.o
                0x0000031c                mbed::Timeout::Timeout()
                0x0000031c                mbed::Timeout::Timeout()
 .text._ZN7SoftPWMC2E7PinNameb
                0x00000340       0x78 ./module/SoftPWM.o
                0x00000340                SoftPWM::SoftPWM(PinName, bool)
                0x00000340                SoftPWM::SoftPWM(PinName, bool)
 .text._ZN7SoftPWM5startEv
                0x000003b8       0x38 ./module/SoftPWM.o
                0x000003b8                SoftPWM::start()
 .text._ZN7SoftPWM6periodEf
                0x000003f0       0x20 ./module/SoftPWM.o
                0x000003f0                SoftPWM::period(float)
 .text._ZN7SoftPWM9period_msEi
                0x00000410       0x38 ./module/SoftPWM.o
                0x00000410                SoftPWM::period_ms(int)
 .text._ZN7SoftPWM15TickerInterraptEv
                0x00000448       0x6c ./module/SoftPWM.o
                0x00000448                SoftPWM::TickerInterrapt()
 .text._ZN7SoftPWM3endEv
                0x000004b4       0x34 ./module/SoftPWM.o
                0x000004b4                SoftPWM::end()
 .text._ZN4mbed6Ticker6attachI7SoftPWMEEvPT_MS3_FvvEf
                0x000004e8       0x3c ./module/SoftPWM.o
                0x000004e8                void mbed::Ticker::attach<SoftPWM>(SoftPWM*, void (SoftPWM::*)(), float)
 .text._ZN4mbed6Ticker9attach_usI7SoftPWMEEvPT_MS3_FvvEj
                0x00000524       0x30 ./module/SoftPWM.o
                0x00000524                void mbed::Ticker::attach_us<SoftPWM>(SoftPWM*, void (SoftPWM::*)(), unsigned int)
 .text._ZN4mbed15FunctionPointer6attachI7SoftPWMEEvPT_MS3_FvvE
                0x00000554       0x3c ./module/SoftPWM.o
                0x00000554                void mbed::FunctionPointer::attach<SoftPWM>(SoftPWM*, void (SoftPWM::*)())
 .text._ZN4mbed15FunctionPointer12membercallerI7SoftPWMEEvPvPc
                0x00000590       0x54 ./module/SoftPWM.o
                0x00000590                void mbed::FunctionPointer::membercaller<SoftPWM>(void*, char*)
 .text._ZN7EncoderC2E7PinNameS0_ff
                0x000005e4       0x48 ./module/encoder.o
                0x000005e4                Encoder::Encoder(PinName, PinName, float, float)
                0x000005e4                Encoder::Encoder(PinName, PinName, float, float)
 .text._ZN7Encoder10set_offsetEf
                0x0000062c       0x1c ./module/encoder.o
                0x0000062c                Encoder::set_offset(float)
 .text._ZN7Encoder12get_distanceEv
                0x00000648       0x48 ./module/encoder.o
                0x00000648                Encoder::get_distance()
 .text._Z5sqrt3fff
                0x00000690       0x6c ./module/functions.o
                0x00000690                sqrt3(float, float, float)
 .text._Z5sqrt2ff
                0x000006fc       0x54 ./module/functions.o
                0x000006fc                sqrt2(float, float)
 .text._Z9sin_accelfff
                0x00000750       0xcc ./module/functions.o
                0x00000750                sin_accel(float, float, float)
 .text._Z12linear_accelfff
                0x0000081c       0x34 ./module/functions.o
                0x0000081c                linear_accel(float, float, float)
 .text._Z14counter_updateifff
                0x00000850       0x78 ./module/functions.o
                0x00000850                counter_update(int, float, float, float)
 .text._Z15cartesian2polarfffPfS_S_
                0x000008c8       0xb0 ./module/functions.o
                0x000008c8                cartesian2polar(float, float, float, float*, float*, float*)
 .text._Z15polar2cartesianfffPfS_S_
                0x00000978      0x110 ./module/functions.o
                0x00000978                polar2cartesian(float, float, float, float*, float*, float*)
 .text._ZN4mbed6PwmOut5writeEf
                0x00000a88       0x1c ./module/joint_motor.o
                0x00000a88                mbed::PwmOut::write(float)
 .text._ZN4mbed6PwmOut9period_usEi
                0x00000aa4       0x1c ./module/joint_motor.o
                0x00000aa4                mbed::PwmOut::period_us(int)
 .text._ZN10JointMotorC2EPN4mbed6PwmOutEP7Encoder
                0x00000ac0       0x34 ./module/joint_motor.o
                0x00000ac0                JointMotor::JointMotor(mbed::PwmOut*, Encoder*)
                0x00000ac0                JointMotor::JointMotor(mbed::PwmOut*, Encoder*)
 .text._ZN10JointMotor11pid_settingEPfPN4mbed5TimerE
                0x00000af4       0x44 ./module/joint_motor.o
                0x00000af4                JointMotor::pid_setting(float*, mbed::Timer*)
 .text._ZN10JointMotor7move_toEf
                0x00000b38       0x4c ./module/joint_motor.o
                0x00000b38                JointMotor::move_to(float)
 .text._ZN10JointMotor7get_nowEv
                0x00000b84       0x1c ./module/joint_motor.o
                0x00000b84                JointMotor::get_now()
 .text._ZN3PIDC2Ev
                0x00000ba0       0x20 ./module/pid.o
                0x00000ba0                PID::PID()
                0x00000ba0                PID::PID()
 .text._ZN3PIDD2Ev
                0x00000bc0       0x14 ./module/pid.o
                0x00000bc0                PID::~PID()
                0x00000bc0                PID::~PID()
 .text._ZN3PID9set_timerEPN4mbed5TimerE
                0x00000bd4       0x28 ./module/pid.o
                0x00000bd4                PID::set_timer(mbed::Timer*)
 .text._ZN3PID8set_gainEPf
                0x00000bfc       0x38 ./module/pid.o
                0x00000bfc                PID::set_gain(float*)
 .text._ZN3PID5startEff
                0x00000c34       0x54 ./module/pid.o
                0x00000c34                PID::start(float, float)
 .text._ZN3PID12param_updateEff
                0x00000c88       0x70 ./module/pid.o
                0x00000c88                PID::param_update(float, float)
 .text._ZN3PID4calcEff
                0x00000cf8       0xe8 ./module/pid.o
                0x00000cf8                PID::calc(float, float)
 .text._ZN3PID6calc_PEv
                0x00000de0       0x34 ./module/pid.o
                0x00000de0                PID::calc_P()
 .text._ZN3PID6calc_IEv
                0x00000e14       0x44 ./module/pid.o
                0x00000e14                PID::calc_I()
 .text._ZN3PID6calc_DEv
                0x00000e58       0x84 ./module/pid.o
                0x00000e58                PID::calc_D()
 .text._ZN3PID15param_set_limitEff
                0x00000edc       0x24 ./module/pid.o
                0x00000edc                PID::param_set_limit(float, float)
 .text._ZN3PID11param_limitEv
                0x00000f00       0x50 ./module/pid.o
                0x00000f00                PID::param_limit()
 .text._ZN4Mode10coordinateEi
                0x00000f50       0x1c ./module/polar_arm.o
                0x00000f50                Mode::coordinate(int)
 .text._ZN4Mode12accelarationEi
                0x00000f6c       0x1c ./module/polar_arm.o
                0x00000f6c                Mode::accelaration(int)
 .text._ZN4Mode6sliderEi
                0x00000f88       0x1c ./module/polar_arm.o
                0x00000f88                Mode::slider(int)
 .text._ZN8PolarArmC2Effff
                0x00000fa4       0x9c ./module/polar_arm.o
                0x00000fa4                PolarArm::PolarArm(float, float, float, float)
                0x00000fa4                PolarArm::PolarArm(float, float, float, float)
 .text._ZN8PolarArm10set_targetEffffi
                0x00001040       0x74 ./module/polar_arm.o
                0x00001040                PolarArm::set_target(float, float, float, float, int)
 .text._ZN8PolarArm9calc_nextEv
                0x000010b4      0x184 ./module/polar_arm.o
                0x000010b4                PolarArm::calc_next()
 .text._ZN8PolarArm10get_r_nextEv
                0x00001238       0x18 ./module/polar_arm.o
                0x00001238                PolarArm::get_r_next()
 .text._ZN8PolarArm14get_theta_nextEv
                0x00001250       0x18 ./module/polar_arm.o
                0x00001250                PolarArm::get_theta_next()
 .text._ZN8PolarArm12get_phi_nextEv
                0x00001268       0x18 ./module/polar_arm.o
                0x00001268                PolarArm::get_phi_next()
 .text._ZN8PolarArm13update_targetEfff
                0x00001280      0x1a4 ./module/polar_arm.o
                0x00001280                PolarArm::update_target(float, float, float)
 .text._ZN8PolarArm18calc_vel_cartesianEf
                0x00001424       0xb8 ./module/polar_arm.o
                0x00001424                PolarArm::calc_vel_cartesian(float)
 .text._ZN8PolarArm14calc_vel_polarEf
                0x000014dc       0xc8 ./module/polar_arm.o
                0x000014dc                PolarArm::calc_vel_polar(float)
 .text.gpio_set
                0x000015a4       0x24 ./mbed-src/targets/hal/TARGET_NXP/TARGET_LPC176X/gpio_api.o
                0x000015a4                gpio_set
 .text.gpio_init
                0x000015c8       0x88 ./mbed-src/targets/hal/TARGET_NXP/TARGET_LPC176X/gpio_api.o
                0x000015c8                gpio_init
 .text.gpio_dir
                0x00001650       0x4c ./mbed-src/targets/hal/TARGET_NXP/TARGET_LPC176X/gpio_api.o
                0x00001650                gpio_dir
 .text.NVIC_EnableIRQ
                0x0000169c       0x30 ./mbed-src/targets/hal/TARGET_NXP/TARGET_LPC176X/gpio_irq_api.o
 .text.handle_interrupt_in
                0x000016cc      0x1d4 ./mbed-src/targets/hal/TARGET_NXP/TARGET_LPC176X/gpio_irq_api.o
 .text.gpio_irq_init
                0x000018a0       0xbc ./mbed-src/targets/hal/TARGET_NXP/TARGET_LPC176X/gpio_irq_api.o
                0x000018a0                gpio_irq_init
 .text.gpio_irq_free
                0x0000195c       0x24 ./mbed-src/targets/hal/TARGET_NXP/TARGET_LPC176X/gpio_irq_api.o
                0x0000195c                gpio_irq_free
 .text.gpio_irq_set
                0x00001980      0x154 ./mbed-src/targets/hal/TARGET_NXP/TARGET_LPC176X/gpio_irq_api.o
                0x00001980                gpio_irq_set
 .text.pin_function
                0x00001ad4       0x74 ./mbed-src/targets/hal/TARGET_NXP/TARGET_LPC176X/pinmap.o
                0x00001ad4                pin_function
 .text.pin_mode
                0x00001b48       0xdc ./mbed-src/targets/hal/TARGET_NXP/TARGET_LPC176X/pinmap.o
                0x00001b48                pin_mode
 .text.pwmout_init
                0x00001c24       0xd8 ./mbed-src/targets/hal/TARGET_NXP/TARGET_LPC176X/pwmout_api.o
                0x00001c24                pwmout_init
 .text.pwmout_write
                0x00001cfc       0x90 ./mbed-src/targets/hal/TARGET_NXP/TARGET_LPC176X/pwmout_api.o
                0x00001cfc                pwmout_write
 .text.pwmout_period_ms
                0x00001d8c       0x24 ./mbed-src/targets/hal/TARGET_NXP/TARGET_LPC176X/pwmout_api.o
                0x00001d8c                pwmout_period_ms
 .text.pwmout_period_us
                0x00001db0       0x68 ./mbed-src/targets/hal/TARGET_NXP/TARGET_LPC176X/pwmout_api.o
                0x00001db0                pwmout_period_us
 .text.serial_init
                0x00001e18      0x1a8 ./mbed-src/targets/hal/TARGET_NXP/TARGET_LPC176X/serial_api.o
                0x00001e18                serial_init
 .text.serial_baud
                0x00001fc0      0x2d8 ./mbed-src/targets/hal/TARGET_NXP/TARGET_LPC176X/serial_api.o
                0x00001fc0                serial_baud
 .text.serial_format
                0x00002298      0x108 ./mbed-src/targets/hal/TARGET_NXP/TARGET_LPC176X/serial_api.o
                0x00002298                serial_format
 .text.serial_irq_handler
                0x000023a0       0x30 ./mbed-src/targets/hal/TARGET_NXP/TARGET_LPC176X/serial_api.o
                0x000023a0                serial_irq_handler
 .text.serial_getc
                0x000023d0       0x28 ./mbed-src/targets/hal/TARGET_NXP/TARGET_LPC176X/serial_api.o
                0x000023d0                serial_getc
 .text.serial_putc
                0x000023f8       0x38 ./mbed-src/targets/hal/TARGET_NXP/TARGET_LPC176X/serial_api.o
                0x000023f8                serial_putc
 .text.serial_readable
                0x00002430       0x20 ./mbed-src/targets/hal/TARGET_NXP/TARGET_LPC176X/serial_api.o
                0x00002430                serial_readable
 .text.serial_writable
                0x00002450       0x3c ./mbed-src/targets/hal/TARGET_NXP/TARGET_LPC176X/serial_api.o
                0x00002450                serial_writable
 .text.NVIC_EnableIRQ
                0x0000248c       0x30 ./mbed-src/targets/hal/TARGET_NXP/TARGET_LPC176X/us_ticker.o
 .text.us_ticker_init
                0x000024bc       0x84 ./mbed-src/targets/hal/TARGET_NXP/TARGET_LPC176X/us_ticker.o
                0x000024bc                us_ticker_init
 .text.us_ticker_read
                0x00002540       0x20 ./mbed-src/targets/hal/TARGET_NXP/TARGET_LPC176X/us_ticker.o
                0x00002540                us_ticker_read
 .text.us_ticker_set_interrupt
                0x00002560       0x28 ./mbed-src/targets/hal/TARGET_NXP/TARGET_LPC176X/us_ticker.o
                0x00002560                us_ticker_set_interrupt
 .text.us_ticker_disable_interrupt
                0x00002588       0x1c ./mbed-src/targets/hal/TARGET_NXP/TARGET_LPC176X/us_ticker.o
                0x00002588                us_ticker_disable_interrupt
 .text.us_ticker_clear_interrupt
                0x000025a4       0x18 ./mbed-src/targets/hal/TARGET_NXP/TARGET_LPC176X/us_ticker.o
                0x000025a4                us_ticker_clear_interrupt
 .text.__aeabi_atexit
                0x000025bc       0x18 ./mbed-src/targets/cmsis/TARGET_NXP/TARGET_LPC176X/TOOLCHAIN_GCC_CR/startup_LPC17xx.o
                0x000025bc                __aeabi_atexit
 .text._Znwj    0x000025d4       0x18 ./mbed-src/targets/cmsis/TARGET_NXP/TARGET_LPC176X/TOOLCHAIN_GCC_CR/startup_LPC17xx.o
                0x000025d4                operator new(unsigned int)
 .text._ZdlPv   0x000025ec       0x18 ./mbed-src/targets/cmsis/TARGET_NXP/TARGET_LPC176X/TOOLCHAIN_GCC_CR/startup_LPC17xx.o
                0x000025ec                operator delete(void*)
 .text.NVIC_SetVector
                0x00002604       0x70 ./mbed-src/targets/cmsis/TARGET_NXP/TARGET_LPC176X/cmsis_nvic.o
                0x00002604                NVIC_SetVector
 .text.SystemInit
                0x00002674       0xf4 ./mbed-src/targets/cmsis/TARGET_NXP/TARGET_LPC176X/system_LPC17xx.o
                0x00002674                SystemInit
 .text._ZN4mbed8FileBaseC2EPKcNS_8PathTypeE
                0x00002768       0x50 ./mbed-src/common/FileBase.o
                0x00002768                mbed::FileBase::FileBase(char const*, mbed::PathType)
                0x00002768                mbed::FileBase::FileBase(char const*, mbed::PathType)
 .text._ZN4mbed8FileBaseD2Ev
                0x000027b8       0x68 ./mbed-src/common/FileBase.o
                0x000027b8                mbed::FileBase::~FileBase()
                0x000027b8                mbed::FileBase::~FileBase()
 .text._ZN4mbed8FileBaseD0Ev
                0x00002820       0x20 ./mbed-src/common/FileBase.o
                0x00002820                mbed::FileBase::~FileBase()
 .text._ZN4mbed8FileBase6lookupEPKcj
                0x00002840       0x68 ./mbed-src/common/FileBase.o
                0x00002840                mbed::FileBase::lookup(char const*, unsigned int)
 .text._ZN4mbed8FileBase11getPathTypeEv
                0x000028a8       0x18 ./mbed-src/common/FileBase.o
                0x000028a8                mbed::FileBase::getPathType()
 .text._ZN4mbed10FileHandle4flenEv
                0x000028c0       0x54 ./mbed-src/common/FileLike.o
                0x000028c0                mbed::FileHandle::flen()
 .text._ZN4mbed10FileHandleC2Ev
                0x00002914       0x20 ./mbed-src/common/FileLike.o
                0x00002914                mbed::FileHandle::FileHandle()
                0x00002914                mbed::FileHandle::FileHandle()
 .text._ZN4mbed8FileLikeC2EPKc
                0x00002934       0x40 ./mbed-src/common/FileLike.o
                0x00002934                mbed::FileLike::FileLike(char const*)
                0x00002934                mbed::FileLike::FileLike(char const*)
 .text._ZN4mbed8FileLikeD2Ev
                0x00002974       0x44 ./mbed-src/common/FileLike.o
                0x00002974                mbed::FileLike::~FileLike()
                0x00002974                mbed::FileLike::~FileLike()
 .text._ZN4mbed8FilePathC2EPKc
                0x000029b8       0x88 ./mbed-src/common/FilePath.o
                0x000029b8                mbed::FilePath::FilePath(char const*)
                0x000029b8                mbed::FilePath::FilePath(char const*)
 .text._ZN4mbed8FilePath8fileNameEv
                0x00002a40       0x18 ./mbed-src/common/FilePath.o
                0x00002a40                mbed::FilePath::fileName()
 .text._ZN4mbed8FilePath12isFileSystemEv
                0x00002a58       0x34 ./mbed-src/common/FilePath.o
                0x00002a58                mbed::FilePath::isFileSystem()
 .text._ZN4mbed8FilePath10fileSystemEv
                0x00002a8c       0x24 ./mbed-src/common/FilePath.o
                0x00002a8c                mbed::FilePath::fileSystem()
 .text._ZN4mbed8FilePath6isFileEv
                0x00002ab0       0x34 ./mbed-src/common/FilePath.o
                0x00002ab0                mbed::FilePath::isFile()
 .text._ZN4mbed8FilePath4fileEv
                0x00002ae4       0x34 ./mbed-src/common/FilePath.o
                0x00002ae4                mbed::FilePath::file()
 .text._ZN4mbed8FilePath6existsEv
                0x00002b18       0x20 ./mbed-src/common/FilePath.o
                0x00002b18                mbed::FilePath::exists()
 .text._ZN4mbed15FunctionPointerC2EPFvvE
                0x00002b38       0x1c ./mbed-src/common/FunctionPointer.o
                0x00002b38                mbed::FunctionPointer::FunctionPointer(void (*)())
                0x00002b38                mbed::FunctionPointer::FunctionPointer(void (*)())
 .text._ZN4mbed15FunctionPointer6attachEPFvvE
                0x00002b54       0x20 ./mbed-src/common/FunctionPointer.o
                0x00002b54                mbed::FunctionPointer::attach(void (*)())
 .text._ZN4mbed15FunctionPointer4callEv
                0x00002b74       0x38 ./mbed-src/common/FunctionPointer.o
                0x00002b74                mbed::FunctionPointer::call()
 .text.gpio_read
                0x00002bac       0x28 ./mbed-src/common/InterruptIn.o
 .text._ZN4mbed11InterruptInC2E7PinName
                0x00002bd4       0x58 ./mbed-src/common/InterruptIn.o
                0x00002bd4                mbed::InterruptIn::InterruptIn(PinName)
                0x00002bd4                mbed::InterruptIn::InterruptIn(PinName)
 .text._ZN4mbed11InterruptInD2Ev
                0x00002c2c       0x34 ./mbed-src/common/InterruptIn.o
                0x00002c2c                mbed::InterruptIn::~InterruptIn()
                0x00002c2c                mbed::InterruptIn::~InterruptIn()
 .text._ZN4mbed11InterruptInD0Ev
                0x00002c60       0x20 ./mbed-src/common/InterruptIn.o
                0x00002c60                mbed::InterruptIn::~InterruptIn()
 .text._ZN4mbed11InterruptIn4readEv
                0x00002c80       0x1c ./mbed-src/common/InterruptIn.o
                0x00002c80                mbed::InterruptIn::read()
 .text._ZN4mbed11InterruptIn12_irq_handlerEm14gpio_irq_event
                0x00002c9c       0x40 ./mbed-src/common/InterruptIn.o
                0x00002c9c                mbed::InterruptIn::_irq_handler(unsigned long, gpio_irq_event)
 .text._ZN4mbed6SerialC2E7PinNameS1_PKc
                0x00002cdc       0x44 ./mbed-src/common/Serial.o
                0x00002cdc                mbed::Serial::Serial(PinName, PinName, char const*)
                0x00002cdc                mbed::Serial::Serial(PinName, PinName, char const*)
 .text._ZN4mbed6Serial5_getcEv
                0x00002d20       0x1c ./mbed-src/common/Serial.o
                0x00002d20                mbed::Serial::_getc()
 .text._ZN4mbed6Serial5_putcEi
                0x00002d3c       0x20 ./mbed-src/common/Serial.o
                0x00002d3c                mbed::Serial::_putc(int)
 .text._ZN4mbed6SerialD2Ev
                0x00002d5c       0x44 ./mbed-src/common/Serial.o
                0x00002d5c                mbed::Serial::~Serial()
                0x00002d5c                mbed::Serial::~Serial()
                0x00002d98                non-virtual thunk to mbed::Serial::~Serial()
 .text._ZN4mbed6SerialD0Ev
                0x00002da0       0x28 ./mbed-src/common/Serial.o
                0x00002da0                mbed::Serial::~Serial()
                0x00002dc0                non-virtual thunk to mbed::Serial::~Serial()
 .text._ZN4mbed10SerialBaseC2E7PinNameS1_
                0x00002dc8       0x58 ./mbed-src/common/SerialBase.o
                0x00002dc8                mbed::SerialBase::SerialBase(PinName, PinName)
                0x00002dc8                mbed::SerialBase::SerialBase(PinName, PinName)
 .text._ZN4mbed10SerialBase4baudEi
                0x00002e20       0x24 ./mbed-src/common/SerialBase.o
                0x00002e20                mbed::SerialBase::baud(int)
 .text._ZN4mbed10SerialBase8readableEv
                0x00002e44       0x1c ./mbed-src/common/SerialBase.o
                0x00002e44                mbed::SerialBase::readable()
 .text._ZN4mbed10SerialBase12_irq_handlerEm9SerialIrq
                0x00002e60       0x30 ./mbed-src/common/SerialBase.o
                0x00002e60                mbed::SerialBase::_irq_handler(unsigned long, SerialIrq)
 .text._ZN4mbed10SerialBase10_base_getcEv
                0x00002e90       0x1c ./mbed-src/common/SerialBase.o
                0x00002e90                mbed::SerialBase::_base_getc()
 .text._ZN4mbed10SerialBase10_base_putcEi
                0x00002eac       0x20 ./mbed-src/common/SerialBase.o
                0x00002eac                mbed::SerialBase::_base_putc(int)
 .text._ZN4mbed6StreamC2EPKc
                0x00002ecc       0x68 ./mbed-src/common/Stream.o
                0x00002ecc                mbed::Stream::Stream(char const*)
                0x00002ecc                mbed::Stream::Stream(char const*)
 .text._ZN4mbed6StreamD2Ev
                0x00002f34       0x44 ./mbed-src/common/Stream.o
                0x00002f34                mbed::Stream::~Stream()
                0x00002f34                mbed::Stream::~Stream()
 .text._ZN4mbed6Stream5closeEv
                0x00002f78       0x14 ./mbed-src/common/Stream.o
                0x00002f78                mbed::Stream::close()
 .text._ZN4mbed6Stream5writeEPKvj
                0x00002f8c       0x5c ./mbed-src/common/Stream.o
                0x00002f8c                mbed::Stream::write(void const*, unsigned int)
 .text._ZN4mbed6Stream4readEPvj
                0x00002fe8       0x54 ./mbed-src/common/Stream.o
                0x00002fe8                mbed::Stream::read(void*, unsigned int)
 .text._ZN4mbed6Stream5lseekEli
                0x0000303c       0x18 ./mbed-src/common/Stream.o
                0x0000303c                mbed::Stream::lseek(long, int)
 .text._ZN4mbed6Stream6isattyEv
                0x00003054       0x14 ./mbed-src/common/Stream.o
                0x00003054                mbed::Stream::isatty()
 .text._ZN4mbed6Stream5fsyncEv
                0x00003068       0x14 ./mbed-src/common/Stream.o
                0x00003068                mbed::Stream::fsync()
 .text._ZN4mbed6Stream4flenEv
                0x0000307c       0x14 ./mbed-src/common/Stream.o
                0x0000307c                mbed::Stream::flen()
 .text._ZN4mbed6Stream6printfEPKcz
                0x00003090       0x3c ./mbed-src/common/Stream.o
                0x00003090                mbed::Stream::printf(char const*, ...)
 .text._ZN4mbed6Ticker5setupEj
                0x000030cc       0x38 ./mbed-src/common/Ticker.o
                0x000030cc                mbed::Ticker::setup(unsigned int)
 .text._ZN4mbed6Ticker7handlerEv
                0x00003104       0x2c ./mbed-src/common/Ticker.o
                0x00003104                mbed::Ticker::handler()
 .text._ZN4mbed6TickerD2Ev
                0x00003130       0x30 ./mbed-src/common/Ticker.o
                0x00003130                mbed::Ticker::~Ticker()
                0x00003130                mbed::Ticker::~Ticker()
 .text._ZN4mbed6TickerD0Ev
                0x00003160       0x20 ./mbed-src/common/Ticker.o
                0x00003160                mbed::Ticker::~Ticker()
 .text._ZN4mbed7Timeout7handlerEv
                0x00003180       0x1c ./mbed-src/common/Timeout.o
                0x00003180                mbed::Timeout::handler()
 .text._ZN4mbed7TimeoutD2Ev
                0x0000319c       0x30 ./mbed-src/common/Timeout.o
                0x0000319c                mbed::Timeout::~Timeout()
                0x0000319c                mbed::Timeout::~Timeout()
 .text._ZN4mbed7TimeoutD0Ev
                0x000031cc       0x20 ./mbed-src/common/Timeout.o
                0x000031cc                mbed::Timeout::~Timeout()
 .text._ZN4mbed5TimerC2Ev
                0x000031ec       0x18 ./mbed-src/common/Timer.o
                0x000031ec                mbed::Timer::Timer()
                0x000031ec                mbed::Timer::Timer()
 .text._ZN4mbed5Timer5startEv
                0x00003204       0x20 ./mbed-src/common/Timer.o
                0x00003204                mbed::Timer::start()
 .text._ZN4mbed5Timer7read_usEv
                0x00003224       0x20 ./mbed-src/common/Timer.o
                0x00003224                mbed::Timer::read_us()
 .text._ZN4mbed5Timer4readEv
                0x00003244       0x30 ./mbed-src/common/Timer.o
                0x00003244                mbed::Timer::read()
 .text._ZN4mbed5Timer9slicetimeEv
                0x00003274       0x28 ./mbed-src/common/Timer.o
                0x00003274                mbed::Timer::slicetime()
 .text._ZN4mbed5Timer5resetEv
                0x0000329c       0x20 ./mbed-src/common/Timer.o
                0x0000329c                mbed::Timer::reset()
 .text._ZN4mbed10TimerEventC2Ev
                0x000032bc       0x28 ./mbed-src/common/TimerEvent.o
                0x000032bc                mbed::TimerEvent::TimerEvent()
                0x000032bc                mbed::TimerEvent::TimerEvent()
 .text._ZN4mbed10TimerEvent3irqEm
                0x000032e4       0x20 ./mbed-src/common/TimerEvent.o
                0x000032e4                mbed::TimerEvent::irq(unsigned long)
 .text._ZN4mbed10TimerEventD2Ev
                0x00003304       0x30 ./mbed-src/common/TimerEvent.o
                0x00003304                mbed::TimerEvent::~TimerEvent()
                0x00003304                mbed::TimerEvent::~TimerEvent()
 .text._ZN4mbed10TimerEvent6insertEj
                0x00003334       0x20 ./mbed-src/common/TimerEvent.o
                0x00003334                mbed::TimerEvent::insert(unsigned int)
 .text._ZN4mbed10TimerEvent6removeEv
                0x00003354       0x1c ./mbed-src/common/TimerEvent.o
                0x00003354                mbed::TimerEvent::remove()
 .text.gpio_write
                0x00003370       0x30 ./mbed-src/common/board.o
 .text.mbed_die
                0x000033a0       0xb8 ./mbed-src/common/board.o
                0x000033a0                mbed_die
 .text.exit     0x00003458       0x24 ./mbed-src/common/exit.o
                0x00003458                exit
 .text.mbed_interface_connected
                0x0000347c       0x10 ./mbed-src/common/mbed_interface.o
                0x0000347c                mbed_interface_connected
 .text.pinmap_pinout
                0x0000348c       0x68 ./mbed-src/common/pinmap_common.o
                0x0000348c                pinmap_pinout
 .text.pinmap_merge
                0x000034f4       0x54 ./mbed-src/common/pinmap_common.o
                0x000034f4                pinmap_merge
 .text.pinmap_peripheral
                0x00003548       0x5c ./mbed-src/common/pinmap_common.o
                0x00003548                pinmap_peripheral
 .text._ZN4mbed10FileHandleD2Ev
                0x000035a4       0x58 ./mbed-src/common/retarget.o
                0x000035a4                mbed::FileHandle::~FileHandle()
                0x000035a4                mbed::FileHandle::~FileHandle()
 .text._ZL11init_serialv
                0x000035fc       0x2c ./mbed-src/common/retarget.o
 .text._ZL17openmode_to_posixi
                0x00003628       0x18 ./mbed-src/common/retarget.o
 .text._open    0x00003640      0x170 ./mbed-src/common/retarget.o
                0x00003640                _open
 .text._close   0x000037b0       0x50 ./mbed-src/common/retarget.o
                0x000037b0                _close
 .text._write   0x00003800       0x88 ./mbed-src/common/retarget.o
                0x00003800                _write
 .text._read    0x00003888       0x64 ./mbed-src/common/retarget.o
                0x00003888                _read
 .text._isatty  0x000038ec       0x44 ./mbed-src/common/retarget.o
                0x000038ec                _isatty
 .text._lseek   0x00003930       0x4c ./mbed-src/common/retarget.o
                0x00003930                _lseek
 .text._fstat   0x0000397c       0x40 ./mbed-src/common/retarget.o
                0x0000397c                _fstat
 .text.__cxa_pure_virtual
                0x000039bc        0xc ./mbed-src/common/retarget.o
                0x000039bc                __cxa_pure_virtual
 .text.__semihost
                0x000039c8       0x24 ./mbed-src/common/semihost_api.o
 .text.semihost_exit
                0x000039ec       0x1c ./mbed-src/common/semihost_api.o
                0x000039ec                semihost_exit
 .text.semihost_connected
                0x00003a08       0x24 ./mbed-src/common/semihost_api.o
                0x00003a08                semihost_connected
 .text.us_ticker_set_handler
                0x00003a2c       0x20 ./mbed-src/common/us_ticker_api.o
                0x00003a2c                us_ticker_set_handler
 .text.us_ticker_irq_handler
                0x00003a4c       0x6c ./mbed-src/common/us_ticker_api.o
                0x00003a4c                us_ticker_irq_handler
 .text.us_ticker_insert_event
                0x00003ab8       0x74 ./mbed-src/common/us_ticker_api.o
                0x00003ab8                us_ticker_insert_event
 .text.us_ticker_remove_event
                0x00003b2c       0x68 ./mbed-src/common/us_ticker_api.o
                0x00003b2c                us_ticker_remove_event
 .text.wait_ms  0x00003b94       0x20 ./mbed-src/common/wait_api.o
                0x00003b94                wait_ms
 .text.wait_us  0x00003bb4       0x28 ./mbed-src/common/wait_api.o
                0x00003bb4                wait_us
 .text._ZN3QEIC2E7PinNameS0_S0_iNS_8EncodingE
                0x00003bdc      0x154 ./QEI/QEI.o
                0x00003bdc                QEI::QEI(PinName, PinName, PinName, int, QEI::Encoding)
                0x00003bdc                QEI::QEI(PinName, PinName, PinName, int, QEI::Encoding)
 .text._ZN3QEI5resetEv
                0x00003d30       0x24 ./QEI/QEI.o
                0x00003d30                QEI::reset()
 .text._ZN3QEI9getPulsesEv
                0x00003d54       0x18 ./QEI/QEI.o
                0x00003d54                QEI::getPulses()
 .text._ZN3QEI6encodeEv
                0x00003d6c      0x14c ./QEI/QEI.o
                0x00003d6c                QEI::encode()
 .text._ZN3QEI5indexEv
                0x00003eb8       0x20 ./QEI/QEI.o
                0x00003eb8                QEI::index()
 .text._ZN4mbed11InterruptIn4riseI3QEIEEvPT_MS3_FvvE
                0x00003ed8       0x38 ./QEI/QEI.o
                0x00003ed8                void mbed::InterruptIn::rise<QEI>(QEI*, void (QEI::*)())
 .text._ZN4mbed11InterruptIn4fallI3QEIEEvPT_MS3_FvvE
                0x00003f10       0x38 ./QEI/QEI.o
                0x00003f10                void mbed::InterruptIn::fall<QEI>(QEI*, void (QEI::*)())
 .text._ZN4mbed15FunctionPointer6attachI3QEIEEvPT_MS3_FvvE
                0x00003f48       0x3c ./QEI/QEI.o
                0x00003f48                void mbed::FunctionPointer::attach<QEI>(QEI*, void (QEI::*)())
 .text._ZN4mbed15FunctionPointer12membercallerI3QEIEEvPvPc
                0x00003f84       0x54 ./QEI/QEI.o
                0x00003f84                void mbed::FunctionPointer::membercaller<QEI>(void*, char*)
 .text._Z41__static_initialization_and_destruction_0ii
                0x00003fd8       0x4c ./BLdriver.o
 .text._GLOBAL__sub_I_BLserial
                0x00004024       0x10 ./BLdriver.o
 .text._ZN4mbed6PwmOutC2E7PinName
                0x00004034       0x20 ./main.o
                0x00004034                mbed::PwmOut::PwmOut(PinName)
                0x00004034                mbed::PwmOut::PwmOut(PinName)
 .text._Z11AdjustCyclei
                0x00004054       0x80 ./main.o
                0x00004054                AdjustCycle(int)
 .text._ZN4Mode8generateENS_5StateENS_10CoordinateENS_12AccelarationENS_7SuctionENS_6SliderE
                0x000040d4       0x48 ./main.o
                0x000040d4                Mode::generate(Mode::State, Mode::Coordinate, Mode::Accelaration, Mode::Suction, Mode::Slider)
 .text._ZN4Mode5stateEi
                0x0000411c       0x18 ./main.o
                0x0000411c                Mode::state(int)
 .text._ZN11Instruction3setEiffff
                0x00004134       0x30 ./main.o
                0x00004134                Instruction::set(int, float, float, float, float)
 .text._ZN11Instruction9set_pointEfff
                0x00004164       0x2c ./main.o
                0x00004164                Instruction::set_point(float, float, float)
 .text._ZN11Instruction8get_modeEv
                0x00004190       0x18 ./main.o
                0x00004190                Instruction::get_mode()
 .text._ZN11Instruction14get_mode_stateEv
                0x000041a8       0x1c ./main.o
                0x000041a8                Instruction::get_mode_state()
 .text._ZN11Instruction12get_durationEv
                0x000041c4       0x18 ./main.o
                0x000041c4                Instruction::get_duration()
 .text._ZN11Instruction5get_xEv
                0x000041dc       0x18 ./main.o
                0x000041dc                Instruction::get_x()
 .text._ZN11Instruction5get_yEv
                0x000041f4       0x18 ./main.o
                0x000041f4                Instruction::get_y()
 .text._ZN11Instruction5get_zEv
                0x0000420c       0x18 ./main.o
                0x0000420c                Instruction::get_z()
 .text._Z7led_alli
                0x00004224       0x40 ./main.o
                0x00004224                led_all(int)
 .text._Z11has_arrivediii
                0x00004264       0x30 ./main.o
                0x00004264                has_arrived(int, int, int)
 .text.main     0x00004294      0x3d4 ./main.o
                0x00004294                main
 .text._ZN5QueueI11InstructionEC2Ev
                0x00004668       0x18 ./main.o
                0x00004668                Queue<Instruction>::Queue()
                0x00004668                Queue<Instruction>::Queue()
 .text._ZN5QueueI11InstructionE4pushES0_
                0x00004680       0x84 ./main.o
                0x00004680                Queue<Instruction>::push(Instruction)
 .text._ZN5QueueI11InstructionE5frontEv
                0x00004704       0x20 ./main.o
                0x00004704                Queue<Instruction>::front()
 .text._ZN5QueueI11InstructionE5clearEv
                0x00004724       0x44 ./main.o
                0x00004724                Queue<Instruction>::clear()
 .text._ZN5QueueI11InstructionE6lengthEv
                0x00004768       0x18 ./main.o
                0x00004768                Queue<Instruction>::length()
 .text._ZN5QueueI11InstructionE3popEv
                0x00004780       0x4c ./main.o
                0x00004780                Queue<Instruction>::pop()
 .text._ZN9QueueNodeI11InstructionEC2ES0_
                0x000047cc       0x38 ./main.o
                0x000047cc                QueueNode<Instruction>::QueueNode(Instruction)
                0x000047cc                QueueNode<Instruction>::QueueNode(Instruction)
 .text._ZN9QueueNodeI11InstructionE8set_nextEPS1_
                0x00004804       0x1c ./main.o
                0x00004804                QueueNode<Instruction>::set_next(QueueNode<Instruction>*)
 .text._ZN9QueueNodeI11InstructionE8get_elemEv
                0x00004820       0x24 ./main.o
                0x00004820                QueueNode<Instruction>::get_elem()
 .text._ZN9QueueNodeI11InstructionE8get_nextEv
                0x00004844       0x18 ./main.o
                0x00004844                QueueNode<Instruction>::get_next()
 .text._ZN7SoftPWMD2Ev
                0x0000485c       0x24 ./main.o
                0x0000485c                SoftPWM::~SoftPWM()
                0x0000485c                SoftPWM::~SoftPWM()
 .text._ZN3QEID2Ev
                0x00004880       0x30 ./main.o
                0x00004880                QEI::~QEI()
                0x00004880                QEI::~QEI()
 .text._ZN7EncoderD2Ev
                0x000048b0       0x1c ./main.o
                0x000048b0                Encoder::~Encoder()
                0x000048b0                Encoder::~Encoder()
 .text._ZN10JointMotorD2Ev
                0x000048cc       0x1c ./main.o
                0x000048cc                JointMotor::~JointMotor()
                0x000048cc                JointMotor::~JointMotor()
 .text._Z41__static_initialization_and_destruction_0ii
                0x000048e8      0x1f0 ./main.o
 .text._GLOBAL__sub_I_AdCycle
                0x00004ad8       0x10 ./main.o
 .text          0x00004ae8      0x370 c:/nxp/lpcxpresso_8.2.2_650/lpcxpresso/tools/bin/../lib/gcc/arm-none-eabi/5.4.1/armv7-m\libgcc.a(_arm_addsubdf3.o)
                0x00004ae8                __aeabi_drsub
                0x00004af0                __aeabi_dsub
                0x00004af0                __subdf3
                0x00004af4                __aeabi_dadd
                0x00004af4                __adddf3
                0x00004d6c                __floatunsidf
                0x00004d6c                __aeabi_ui2d
                0x00004d8c                __floatsidf
                0x00004d8c                __aeabi_i2d
                0x00004db0                __aeabi_f2d
                0x00004db0                __extendsfdf2
                0x00004dec                __floatundidf
                0x00004dec                __aeabi_ul2d
                0x00004dfc                __floatdidf
                0x00004dfc                __aeabi_l2d
 .text          0x00004e58      0x424 c:/nxp/lpcxpresso_8.2.2_650/lpcxpresso/tools/bin/../lib/gcc/arm-none-eabi/5.4.1/armv7-m\libgcc.a(_arm_muldivdf3.o)
                0x00004e58                __aeabi_dmul
                0x00004e58                __muldf3
                0x000050ac                __divdf3
                0x000050ac                __aeabi_ddiv
 .text          0x0000527c      0x110 c:/nxp/lpcxpresso_8.2.2_650/lpcxpresso/tools/bin/../lib/gcc/arm-none-eabi/5.4.1/armv7-m\libgcc.a(_arm_cmpdf2.o)
                0x0000527c                __gtdf2
                0x0000527c                __gedf2
                0x00005284                __ltdf2
                0x00005284                __ledf2
                0x0000528c                __nedf2
                0x0000528c                __eqdf2
                0x0000528c                __cmpdf2
                0x00005308                __aeabi_cdrcmple
                0x00005318                __aeabi_cdcmpeq
                0x00005318                __aeabi_cdcmple
                0x00005328                __aeabi_dcmpeq
                0x0000533c                __aeabi_dcmplt
                0x00005350                __aeabi_dcmple
                0x00005364                __aeabi_dcmpge
                0x00005378                __aeabi_dcmpgt
 .text          0x0000538c       0x50 c:/nxp/lpcxpresso_8.2.2_650/lpcxpresso/tools/bin/../lib/gcc/arm-none-eabi/5.4.1/armv7-m\libgcc.a(_arm_fixdfsi.o)
                0x0000538c                __aeabi_d2iz
                0x0000538c                __fixdfsi
 .text          0x000053dc       0xa0 c:/nxp/lpcxpresso_8.2.2_650/lpcxpresso/tools/bin/../lib/gcc/arm-none-eabi/5.4.1/armv7-m\libgcc.a(_arm_truncdfsf2.o)
                0x000053dc                __truncdfsf2
                0x000053dc                __aeabi_d2f
 .text          0x0000547c      0x21c c:/nxp/lpcxpresso_8.2.2_650/lpcxpresso/tools/bin/../lib/gcc/arm-none-eabi/5.4.1/armv7-m\libgcc.a(_arm_addsubsf3.o)
                0x0000547c                __aeabi_frsub
                0x00005484                __subsf3
                0x00005484                __aeabi_fsub
                0x00005488                __aeabi_fadd
                0x00005488                __addsf3
                0x000055e8                __aeabi_ui2f
                0x000055e8                __floatunsisf
                0x000055f0                __aeabi_i2f
                0x000055f0                __floatsisf
                0x0000560c                __aeabi_ul2f
                0x0000560c                __floatundisf
                0x0000561c                __aeabi_l2f
                0x0000561c                __floatdisf
 .text          0x00005698      0x2a0 c:/nxp/lpcxpresso_8.2.2_650/lpcxpresso/tools/bin/../lib/gcc/arm-none-eabi/5.4.1/armv7-m\libgcc.a(_arm_muldivsf3.o)
                0x00005698                __mulsf3
                0x00005698                __aeabi_fmul
                0x00005800                __aeabi_fdiv
                0x00005800                __divsf3
 .text          0x00005938       0xec c:/nxp/lpcxpresso_8.2.2_650/lpcxpresso/tools/bin/../lib/gcc/arm-none-eabi/5.4.1/armv7-m\libgcc.a(_arm_cmpsf2.o)
                0x00005938                __gesf2
                0x00005938                __gtsf2
                0x00005940                __lesf2
                0x00005940                __ltsf2
                0x00005948                __nesf2
                0x00005948                __eqsf2
                0x00005948                __cmpsf2
                0x000059a8                __aeabi_cfrcmple
                0x000059b0                __aeabi_cfcmpeq
                0x000059b0                __aeabi_cfcmple
                0x000059c0                __aeabi_fcmpeq
                0x000059d4                __aeabi_fcmplt
                0x000059e8                __aeabi_fcmple
                0x000059fc                __aeabi_fcmpge
                0x00005a10                __aeabi_fcmpgt
 .text          0x00005a24       0x40 c:/nxp/lpcxpresso_8.2.2_650/lpcxpresso/tools/bin/../lib/gcc/arm-none-eabi/5.4.1/armv7-m\libgcc.a(_arm_fixunssfsi.o)
                0x00005a24                __fixunssfsi
                0x00005a24                __aeabi_f2uiz
 .text          0x00005a64       0x30 c:/nxp/lpcxpresso_8.2.2_650/lpcxpresso/tools/bin/../lib/gcc/arm-none-eabi/5.4.1/armv7-m\libgcc.a(_aeabi_uldivmod.o)
                0x00005a64                __aeabi_uldivmod
 .text          0x00005a94      0x2ec c:/nxp/lpcxpresso_8.2.2_650/lpcxpresso/tools/bin/../lib/gcc/arm-none-eabi/5.4.1/armv7-m\libgcc.a(_udivmoddi4.o)
                0x00005a94                __udivmoddi4
 .text          0x00005d80        0x4 c:/nxp/lpcxpresso_8.2.2_650/lpcxpresso/tools/bin/../lib/gcc/arm-none-eabi/5.4.1/armv7-m\libgcc.a(_dvmd_tls.o)
                0x00005d80                __aeabi_idiv0
                0x00005d80                __aeabi_ldiv0
 .text.__errno  0x00005d84        0xc c:/nxp/lpcxpresso_8.2.2_650/lpcxpresso/tools/bin/../lib/gcc/arm-none-eabi/5.4.1/../../../../arm-none-eabi/lib/armv7-m\libc.a(lib_a-errno.o)
                0x00005d84                __errno
 .text._fclose_r
                0x00005d90       0x84 c:/nxp/lpcxpresso_8.2.2_650/lpcxpresso/tools/bin/../lib/gcc/arm-none-eabi/5.4.1/../../../../arm-none-eabi/lib/armv7-m\libc.a(lib_a-fclose.o)
                0x00005d90                _fclose_r
 .text.fclose   0x00005e14       0x10 c:/nxp/lpcxpresso_8.2.2_650/lpcxpresso/tools/bin/../lib/gcc/arm-none-eabi/5.4.1/../../../../arm-none-eabi/lib/armv7-m\libc.a(lib_a-fclose.o)
                0x00005e14                fclose
 .text.__sflush_r
                0x00005e24      0x148 c:/nxp/lpcxpresso_8.2.2_650/lpcxpresso/tools/bin/../lib/gcc/arm-none-eabi/5.4.1/../../../../arm-none-eabi/lib/armv7-m\libc.a(lib_a-fflush.o)
                0x00005e24                __sflush_r
 .text._fflush_r
                0x00005f6c       0x2c c:/nxp/lpcxpresso_8.2.2_650/lpcxpresso/tools/bin/../lib/gcc/arm-none-eabi/5.4.1/../../../../arm-none-eabi/lib/armv7-m\libc.a(lib_a-fflush.o)
                0x00005f6c                _fflush_r
 .text.fflush   0x00005f98       0x24 c:/nxp/lpcxpresso_8.2.2_650/lpcxpresso/tools/bin/../lib/gcc/arm-none-eabi/5.4.1/../../../../arm-none-eabi/lib/armv7-m\libc.a(lib_a-fflush.o)
                0x00005f98                fflush
 .text._cleanup_r
                0x00005fbc        0xc c:/nxp/lpcxpresso_8.2.2_650/lpcxpresso/tools/bin/../lib/gcc/arm-none-eabi/5.4.1/../../../../arm-none-eabi/lib/armv7-m\libc.a(lib_a-findfp.o)
                0x00005fbc                _cleanup_r
 .text.__sinit.part.1
                0x00005fc8       0xf0 c:/nxp/lpcxpresso_8.2.2_650/lpcxpresso/tools/bin/../lib/gcc/arm-none-eabi/5.4.1/../../../../arm-none-eabi/lib/armv7-m\libc.a(lib_a-findfp.o)
 .text.__sfmoreglue
                0x000060b8       0x30 c:/nxp/lpcxpresso_8.2.2_650/lpcxpresso/tools/bin/../lib/gcc/arm-none-eabi/5.4.1/../../../../arm-none-eabi/lib/armv7-m\libc.a(lib_a-findfp.o)
                0x000060b8                __sfmoreglue
 .text.__sfp    0x000060e8       0x88 c:/nxp/lpcxpresso_8.2.2_650/lpcxpresso/tools/bin/../lib/gcc/arm-none-eabi/5.4.1/../../../../arm-none-eabi/lib/armv7-m\libc.a(lib_a-findfp.o)
                0x000060e8                __sfp
 .text.__sinit  0x00006170        0xc c:/nxp/lpcxpresso_8.2.2_650/lpcxpresso/tools/bin/../lib/gcc/arm-none-eabi/5.4.1/../../../../arm-none-eabi/lib/armv7-m\libc.a(lib_a-findfp.o)
                0x00006170                __sinit
 .text.__sfp_lock_acquire
                0x0000617c        0x4 c:/nxp/lpcxpresso_8.2.2_650/lpcxpresso/tools/bin/../lib/gcc/arm-none-eabi/5.4.1/../../../../arm-none-eabi/lib/armv7-m\libc.a(lib_a-findfp.o)
                0x0000617c                __sfp_lock_acquire
 .text.__sfp_lock_release
                0x00006180        0x4 c:/nxp/lpcxpresso_8.2.2_650/lpcxpresso/tools/bin/../lib/gcc/arm-none-eabi/5.4.1/../../../../arm-none-eabi/lib/armv7-m\libc.a(lib_a-findfp.o)
                0x00006180                __sfp_lock_release
 .text._fopen_r
                0x00006184       0x8c c:/nxp/lpcxpresso_8.2.2_650/lpcxpresso/tools/bin/../lib/gcc/arm-none-eabi/5.4.1/../../../../arm-none-eabi/lib/armv7-m\libc.a(lib_a-fopen.o)
                0x00006184                _fopen_r
 .text.fopen    0x00006210       0x10 c:/nxp/lpcxpresso_8.2.2_650/lpcxpresso/tools/bin/../lib/gcc/arm-none-eabi/5.4.1/../../../../arm-none-eabi/lib/armv7-m\libc.a(lib_a-fopen.o)
                0x00006210                fopen
 .text.fprintf  0x00006220       0x28 c:/nxp/lpcxpresso_8.2.2_650/lpcxpresso/tools/bin/../lib/gcc/arm-none-eabi/5.4.1/../../../../arm-none-eabi/lib/armv7-m\libc.a(lib_a-fprintf.o)
                0x00006220                fprintf
 .text._malloc_trim_r
                0x00006248       0x9c c:/nxp/lpcxpresso_8.2.2_650/lpcxpresso/tools/bin/../lib/gcc/arm-none-eabi/5.4.1/../../../../arm-none-eabi/lib/armv7-m\libc.a(lib_a-freer.o)
                0x00006248                _malloc_trim_r
 .text._free_r  0x000062e4      0x1d0 c:/nxp/lpcxpresso_8.2.2_650/lpcxpresso/tools/bin/../lib/gcc/arm-none-eabi/5.4.1/../../../../arm-none-eabi/lib/armv7-m\libc.a(lib_a-freer.o)
                0x000062e4                _free_r
 .text._fseek_r
                0x000064b4        0x4 c:/nxp/lpcxpresso_8.2.2_650/lpcxpresso/tools/bin/../lib/gcc/arm-none-eabi/5.4.1/../../../../arm-none-eabi/lib/armv7-m\libc.a(lib_a-fseek.o)
                0x000064b4                _fseek_r
 .text._fseeko_r
                0x000064b8      0x2c4 c:/nxp/lpcxpresso_8.2.2_650/lpcxpresso/tools/bin/../lib/gcc/arm-none-eabi/5.4.1/../../../../arm-none-eabi/lib/armv7-m\libc.a(lib_a-fseeko.o)
                0x000064b8                _fseeko_r
 .text._fstat_r
                0x0000677c       0x28 c:/nxp/lpcxpresso_8.2.2_650/lpcxpresso/tools/bin/../lib/gcc/arm-none-eabi/5.4.1/../../../../arm-none-eabi/lib/armv7-m\libc.a(lib_a-fstatr.o)
                0x0000677c                _fstat_r
 .text.__sfvwrite_r
                0x000067a4      0x308 c:/nxp/lpcxpresso_8.2.2_650/lpcxpresso/tools/bin/../lib/gcc/arm-none-eabi/5.4.1/../../../../arm-none-eabi/lib/armv7-m\libc.a(lib_a-fvwrite.o)
                0x000067a4                __sfvwrite_r
 .text._fwalk   0x00006aac       0x48 c:/nxp/lpcxpresso_8.2.2_650/lpcxpresso/tools/bin/../lib/gcc/arm-none-eabi/5.4.1/../../../../arm-none-eabi/lib/armv7-m\libc.a(lib_a-fwalk.o)
                0x00006aac                _fwalk
 .text._fwalk_reent
                0x00006af4       0x50 c:/nxp/lpcxpresso_8.2.2_650/lpcxpresso/tools/bin/../lib/gcc/arm-none-eabi/5.4.1/../../../../arm-none-eabi/lib/armv7-m\libc.a(lib_a-fwalk.o)
                0x00006af4                _fwalk_reent
 .text.__libc_init_array
                0x00006b44       0x50 c:/nxp/lpcxpresso_8.2.2_650/lpcxpresso/tools/bin/../lib/gcc/arm-none-eabi/5.4.1/../../../../arm-none-eabi/lib/armv7-m\libc.a(lib_a-init.o)
                0x00006b44                __libc_init_array
 .text.__swhatbuf_r
                0x00006b94       0x60 c:/nxp/lpcxpresso_8.2.2_650/lpcxpresso/tools/bin/../lib/gcc/arm-none-eabi/5.4.1/../../../../arm-none-eabi/lib/armv7-m\libc.a(lib_a-makebuf.o)
                0x00006b94                __swhatbuf_r
 .text.__smakebuf_r
                0x00006bf4       0x88 c:/nxp/lpcxpresso_8.2.2_650/lpcxpresso/tools/bin/../lib/gcc/arm-none-eabi/5.4.1/../../../../arm-none-eabi/lib/armv7-m\libc.a(lib_a-makebuf.o)
                0x00006bf4                __smakebuf_r
 .text.malloc   0x00006c7c       0x10 c:/nxp/lpcxpresso_8.2.2_650/lpcxpresso/tools/bin/../lib/gcc/arm-none-eabi/5.4.1/../../../../arm-none-eabi/lib/armv7-m\libc.a(lib_a-malloc.o)
                0x00006c7c                malloc
 .text.free     0x00006c8c       0x10 c:/nxp/lpcxpresso_8.2.2_650/lpcxpresso/tools/bin/../lib/gcc/arm-none-eabi/5.4.1/../../../../arm-none-eabi/lib/armv7-m\libc.a(lib_a-malloc.o)
                0x00006c8c                free
 .text._malloc_r
                0x00006c9c      0x558 c:/nxp/lpcxpresso_8.2.2_650/lpcxpresso/tools/bin/../lib/gcc/arm-none-eabi/5.4.1/../../../../arm-none-eabi/lib/armv7-m\libc.a(lib_a-mallocr.o)
                0x00006c9c                _malloc_r
 .text.memchr   0x000071f4       0x8c c:/nxp/lpcxpresso_8.2.2_650/lpcxpresso/tools/bin/../lib/gcc/arm-none-eabi/5.4.1/../../../../arm-none-eabi/lib/armv7-m\libc.a(lib_a-memchr-stub.o)
                0x000071f4                memchr
 .text          0x00007280       0xec c:/nxp/lpcxpresso_8.2.2_650/lpcxpresso/tools/bin/../lib/gcc/arm-none-eabi/5.4.1/../../../../arm-none-eabi/lib/armv7-m\libc.a(lib_a-memcpy.o)
                0x00007280                memcpy
 .text.memmove  0x0000736c       0xc8 c:/nxp/lpcxpresso_8.2.2_650/lpcxpresso/tools/bin/../lib/gcc/arm-none-eabi/5.4.1/../../../../arm-none-eabi/lib/armv7-m\libc.a(lib_a-memmove.o)
                0x0000736c                memmove
 .text.memset   0x00007434       0x9c c:/nxp/lpcxpresso_8.2.2_650/lpcxpresso/tools/bin/../lib/gcc/arm-none-eabi/5.4.1/../../../../arm-none-eabi/lib/armv7-m\libc.a(lib_a-memset.o)
                0x00007434                memset
 .text.__malloc_lock
                0x000074d0        0x4 c:/nxp/lpcxpresso_8.2.2_650/lpcxpresso/tools/bin/../lib/gcc/arm-none-eabi/5.4.1/../../../../arm-none-eabi/lib/armv7-m\libc.a(lib_a-mlock.o)
                0x000074d0                __malloc_lock
 .text.__malloc_unlock
                0x000074d4        0x4 c:/nxp/lpcxpresso_8.2.2_650/lpcxpresso/tools/bin/../lib/gcc/arm-none-eabi/5.4.1/../../../../arm-none-eabi/lib/armv7-m\libc.a(lib_a-mlock.o)
                0x000074d4                __malloc_unlock
 .text._open_r  0x000074d8       0x2c c:/nxp/lpcxpresso_8.2.2_650/lpcxpresso/tools/bin/../lib/gcc/arm-none-eabi/5.4.1/../../../../arm-none-eabi/lib/armv7-m\libc.a(lib_a-openr.o)
                0x000074d8                _open_r
 .text._realloc_r
                0x00007504      0x3d4 c:/nxp/lpcxpresso_8.2.2_650/lpcxpresso/tools/bin/../lib/gcc/arm-none-eabi/5.4.1/../../../../arm-none-eabi/lib/armv7-m\libc.a(lib_a-reallocr.o)
                0x00007504                _realloc_r
 .text.lflush   0x000078d8       0x14 c:/nxp/lpcxpresso_8.2.2_650/lpcxpresso/tools/bin/../lib/gcc/arm-none-eabi/5.4.1/../../../../arm-none-eabi/lib/armv7-m\libc.a(lib_a-refill.o)
 .text.__srefill_r
                0x000078ec      0x114 c:/nxp/lpcxpresso_8.2.2_650/lpcxpresso/tools/bin/../lib/gcc/arm-none-eabi/5.4.1/../../../../arm-none-eabi/lib/armv7-m\libc.a(lib_a-refill.o)
                0x000078ec                __srefill_r
 .text._sbrk_r  0x00007a00       0x24 c:/nxp/lpcxpresso_8.2.2_650/lpcxpresso/tools/bin/../lib/gcc/arm-none-eabi/5.4.1/../../../../arm-none-eabi/lib/armv7-m\libc.a(lib_a-sbrkr.o)
                0x00007a00                _sbrk_r
 .text.setbuf   0x00007a24       0x10 c:/nxp/lpcxpresso_8.2.2_650/lpcxpresso/tools/bin/../lib/gcc/arm-none-eabi/5.4.1/../../../../arm-none-eabi/lib/armv7-m\libc.a(lib_a-setbuf.o)
                0x00007a24                setbuf
 .text.setvbuf  0x00007a34      0x150 c:/nxp/lpcxpresso_8.2.2_650/lpcxpresso/tools/bin/../lib/gcc/arm-none-eabi/5.4.1/../../../../arm-none-eabi/lib/armv7-m\libc.a(lib_a-setvbuf.o)
                0x00007a34                setvbuf
 .text.sprintf  0x00007b84       0x4c c:/nxp/lpcxpresso_8.2.2_650/lpcxpresso/tools/bin/../lib/gcc/arm-none-eabi/5.4.1/../../../../arm-none-eabi/lib/armv7-m\libc.a(lib_a-sprintf.o)
                0x00007b84                sprintf
 .text.sscanf   0x00007bd0       0x58 c:/nxp/lpcxpresso_8.2.2_650/lpcxpresso/tools/bin/../lib/gcc/arm-none-eabi/5.4.1/../../../../arm-none-eabi/lib/armv7-m\libc.a(lib_a-sscanf.o)
                0x00007bd0                sscanf
 .text.__sread  0x00007c28       0x24 c:/nxp/lpcxpresso_8.2.2_650/lpcxpresso/tools/bin/../lib/gcc/arm-none-eabi/5.4.1/../../../../arm-none-eabi/lib/armv7-m\libc.a(lib_a-stdio.o)
                0x00007c28                __sread
 .text.__seofread
                0x00007c4c        0x4 c:/nxp/lpcxpresso_8.2.2_650/lpcxpresso/tools/bin/../lib/gcc/arm-none-eabi/5.4.1/../../../../arm-none-eabi/lib/armv7-m\libc.a(lib_a-stdio.o)
                0x00007c4c                __seofread
 .text.__swrite
                0x00007c50       0x3c c:/nxp/lpcxpresso_8.2.2_650/lpcxpresso/tools/bin/../lib/gcc/arm-none-eabi/5.4.1/../../../../arm-none-eabi/lib/armv7-m\libc.a(lib_a-stdio.o)
                0x00007c50                __swrite
 .text.__sseek  0x00007c8c       0x20 c:/nxp/lpcxpresso_8.2.2_650/lpcxpresso/tools/bin/../lib/gcc/arm-none-eabi/5.4.1/../../../../arm-none-eabi/lib/armv7-m\libc.a(lib_a-stdio.o)
                0x00007c8c                __sseek
 .text.__sclose
                0x00007cac        0x8 c:/nxp/lpcxpresso_8.2.2_650/lpcxpresso/tools/bin/../lib/gcc/arm-none-eabi/5.4.1/../../../../arm-none-eabi/lib/armv7-m\libc.a(lib_a-stdio.o)
                0x00007cac                __sclose
 .text          0x00007cb4      0x1bc c:/nxp/lpcxpresso_8.2.2_650/lpcxpresso/tools/bin/../lib/gcc/arm-none-eabi/5.4.1/../../../../arm-none-eabi/lib/armv7-m\libc.a(lib_a-strcmp.o)
                0x00007cb4                strcmp
 .text.strlen   0x00007e70       0x5c c:/nxp/lpcxpresso_8.2.2_650/lpcxpresso/tools/bin/../lib/gcc/arm-none-eabi/5.4.1/../../../../arm-none-eabi/lib/armv7-m\libc.a(lib_a-strlen-stub.o)
                0x00007e70                strlen
 .text.strncmp  0x00007ecc       0x9c c:/nxp/lpcxpresso_8.2.2_650/lpcxpresso/tools/bin/../lib/gcc/arm-none-eabi/5.4.1/../../../../arm-none-eabi/lib/armv7-m\libc.a(lib_a-strncmp.o)
                0x00007ecc                strncmp
 .text._svfprintf_r
                0x00007f68     0x175c c:/nxp/lpcxpresso_8.2.2_650/lpcxpresso/tools/bin/../lib/gcc/arm-none-eabi/5.4.1/../../../../arm-none-eabi/lib/armv7-m\libc.a(lib_a-svfprintf.o)
                0x00007f68                _svfprintf_r
 .text.__ssvfscanf_r
                0x000096c4      0xeac c:/nxp/lpcxpresso_8.2.2_650/lpcxpresso/tools/bin/../lib/gcc/arm-none-eabi/5.4.1/../../../../arm-none-eabi/lib/armv7-m\libc.a(lib_a-svfscanf.o)
                0x000096c4                __ssvfscanf_r
 .text._vfprintf_r
                0x0000a570     0x1788 c:/nxp/lpcxpresso_8.2.2_650/lpcxpresso/tools/bin/../lib/gcc/arm-none-eabi/5.4.1/../../../../arm-none-eabi/lib/armv7-m\libc.a(lib_a-vfprintf.o)
                0x0000a570                _vfprintf_r
 .text.vfprintf
                0x0000bcf8       0x18 c:/nxp/lpcxpresso_8.2.2_650/lpcxpresso/tools/bin/../lib/gcc/arm-none-eabi/5.4.1/../../../../arm-none-eabi/lib/armv7-m\libc.a(lib_a-vfprintf.o)
                0x0000bcf8                vfprintf
 .text.__sbprintf
                0x0000bd10       0x6c c:/nxp/lpcxpresso_8.2.2_650/lpcxpresso/tools/bin/../lib/gcc/arm-none-eabi/5.4.1/../../../../arm-none-eabi/lib/armv7-m\libc.a(lib_a-vfprintf.o)
 .text.__swbuf_r
                0x0000bd7c       0xac c:/nxp/lpcxpresso_8.2.2_650/lpcxpresso/tools/bin/../lib/gcc/arm-none-eabi/5.4.1/../../../../arm-none-eabi/lib/armv7-m\libc.a(lib_a-wbuf.o)
                0x0000bd7c                __swbuf_r
 .text._write_r
                0x0000be28       0x2c c:/nxp/lpcxpresso_8.2.2_650/lpcxpresso/tools/bin/../lib/gcc/arm-none-eabi/5.4.1/../../../../arm-none-eabi/lib/armv7-m\libc.a(lib_a-writer.o)
                0x0000be28                _write_r
 .text.__swsetup_r
                0x0000be54       0xc8 c:/nxp/lpcxpresso_8.2.2_650/lpcxpresso/tools/bin/../lib/gcc/arm-none-eabi/5.4.1/../../../../arm-none-eabi/lib/armv7-m\libc.a(lib_a-wsetup.o)
                0x0000be54                __swsetup_r
 .text._close_r
                0x0000bf1c       0x24 c:/nxp/lpcxpresso_8.2.2_650/lpcxpresso/tools/bin/../lib/gcc/arm-none-eabi/5.4.1/../../../../arm-none-eabi/lib/armv7-m\libc.a(lib_a-closer.o)
                0x0000bf1c                _close_r
 .text.quorem   0x0000bf40      0x12c c:/nxp/lpcxpresso_8.2.2_650/lpcxpresso/tools/bin/../lib/gcc/arm-none-eabi/5.4.1/../../../../arm-none-eabi/lib/armv7-m\libc.a(lib_a-dtoa.o)
 *fill*         0x0000c06c        0x4 ff
 .text._dtoa_r  0x0000c070      0xe4c c:/nxp/lpcxpresso_8.2.2_650/lpcxpresso/tools/bin/../lib/gcc/arm-none-eabi/5.4.1/../../../../arm-none-eabi/lib/armv7-m\libc.a(lib_a-dtoa.o)
                0x0000c070                _dtoa_r
 .text.__sflags
                0x0000cebc       0x74 c:/nxp/lpcxpresso_8.2.2_650/lpcxpresso/tools/bin/../lib/gcc/arm-none-eabi/5.4.1/../../../../arm-none-eabi/lib/armv7-m\libc.a(lib_a-flags.o)
                0x0000cebc                __sflags
 .text._isatty_r
                0x0000cf30       0x24 c:/nxp/lpcxpresso_8.2.2_650/lpcxpresso/tools/bin/../lib/gcc/arm-none-eabi/5.4.1/../../../../arm-none-eabi/lib/armv7-m\libc.a(lib_a-isattyr.o)
                0x0000cf30                _isatty_r
 .text.iswspace
                0x0000cf54       0x1c c:/nxp/lpcxpresso_8.2.2_650/lpcxpresso/tools/bin/../lib/gcc/arm-none-eabi/5.4.1/../../../../arm-none-eabi/lib/armv7-m\libc.a(lib_a-iswspace.o)
                0x0000cf54                iswspace
 .text.__locale_charset
                0x0000cf70        0x8 c:/nxp/lpcxpresso_8.2.2_650/lpcxpresso/tools/bin/../lib/gcc/arm-none-eabi/5.4.1/../../../../arm-none-eabi/lib/armv7-m\libc.a(lib_a-locale.o)
                0x0000cf70                __locale_charset
 .text.__locale_mb_cur_max
                0x0000cf78        0xc c:/nxp/lpcxpresso_8.2.2_650/lpcxpresso/tools/bin/../lib/gcc/arm-none-eabi/5.4.1/../../../../arm-none-eabi/lib/armv7-m\libc.a(lib_a-locale.o)
                0x0000cf78                __locale_mb_cur_max
 .text._localeconv_r
                0x0000cf84        0x8 c:/nxp/lpcxpresso_8.2.2_650/lpcxpresso/tools/bin/../lib/gcc/arm-none-eabi/5.4.1/../../../../arm-none-eabi/lib/armv7-m\libc.a(lib_a-locale.o)
                0x0000cf84                _localeconv_r
 .text._lseek_r
                0x0000cf8c       0x2c c:/nxp/lpcxpresso_8.2.2_650/lpcxpresso/tools/bin/../lib/gcc/arm-none-eabi/5.4.1/../../../../arm-none-eabi/lib/armv7-m\libc.a(lib_a-lseekr.o)
                0x0000cf8c                _lseek_r
 .text._mbrtowc_r
                0x0000cfb8       0x5c c:/nxp/lpcxpresso_8.2.2_650/lpcxpresso/tools/bin/../lib/gcc/arm-none-eabi/5.4.1/../../../../arm-none-eabi/lib/armv7-m\libc.a(lib_a-mbrtowc.o)
                0x0000cfb8                _mbrtowc_r
 .text.__ascii_mbtowc
                0x0000d014       0x2c c:/nxp/lpcxpresso_8.2.2_650/lpcxpresso/tools/bin/../lib/gcc/arm-none-eabi/5.4.1/../../../../arm-none-eabi/lib/armv7-m\libc.a(lib_a-mbtowc_r.o)
                0x0000d014                __ascii_mbtowc
 .text._Balloc  0x0000d040       0x50 c:/nxp/lpcxpresso_8.2.2_650/lpcxpresso/tools/bin/../lib/gcc/arm-none-eabi/5.4.1/../../../../arm-none-eabi/lib/armv7-m\libc.a(lib_a-mprec.o)
                0x0000d040                _Balloc
 .text._Bfree   0x0000d090       0x14 c:/nxp/lpcxpresso_8.2.2_650/lpcxpresso/tools/bin/../lib/gcc/arm-none-eabi/5.4.1/../../../../arm-none-eabi/lib/armv7-m\libc.a(lib_a-mprec.o)
                0x0000d090                _Bfree
 .text.__multadd
                0x0000d0a4       0x80 c:/nxp/lpcxpresso_8.2.2_650/lpcxpresso/tools/bin/../lib/gcc/arm-none-eabi/5.4.1/../../../../arm-none-eabi/lib/armv7-m\libc.a(lib_a-mprec.o)
                0x0000d0a4                __multadd
 .text.__s2b    0x0000d124       0x98 c:/nxp/lpcxpresso_8.2.2_650/lpcxpresso/tools/bin/../lib/gcc/arm-none-eabi/5.4.1/../../../../arm-none-eabi/lib/armv7-m\libc.a(lib_a-mprec.o)
                0x0000d124                __s2b
 .text.__hi0bits
                0x0000d1bc       0x40 c:/nxp/lpcxpresso_8.2.2_650/lpcxpresso/tools/bin/../lib/gcc/arm-none-eabi/5.4.1/../../../../arm-none-eabi/lib/armv7-m\libc.a(lib_a-mprec.o)
                0x0000d1bc                __hi0bits
 .text.__lo0bits
                0x0000d1fc       0x5c c:/nxp/lpcxpresso_8.2.2_650/lpcxpresso/tools/bin/../lib/gcc/arm-none-eabi/5.4.1/../../../../arm-none-eabi/lib/armv7-m\libc.a(lib_a-mprec.o)
                0x0000d1fc                __lo0bits
 .text.__i2b    0x0000d258       0x14 c:/nxp/lpcxpresso_8.2.2_650/lpcxpresso/tools/bin/../lib/gcc/arm-none-eabi/5.4.1/../../../../arm-none-eabi/lib/armv7-m\libc.a(lib_a-mprec.o)
                0x0000d258                __i2b
 .text.__multiply
                0x0000d26c      0x13c c:/nxp/lpcxpresso_8.2.2_650/lpcxpresso/tools/bin/../lib/gcc/arm-none-eabi/5.4.1/../../../../arm-none-eabi/lib/armv7-m\libc.a(lib_a-mprec.o)
                0x0000d26c                __multiply
 .text.__pow5mult
                0x0000d3a8       0xa0 c:/nxp/lpcxpresso_8.2.2_650/lpcxpresso/tools/bin/../lib/gcc/arm-none-eabi/5.4.1/../../../../arm-none-eabi/lib/armv7-m\libc.a(lib_a-mprec.o)
                0x0000d3a8                __pow5mult
 .text.__lshift
                0x0000d448       0xac c:/nxp/lpcxpresso_8.2.2_650/lpcxpresso/tools/bin/../lib/gcc/arm-none-eabi/5.4.1/../../../../arm-none-eabi/lib/armv7-m\libc.a(lib_a-mprec.o)
                0x0000d448                __lshift
 .text.__mcmp   0x0000d4f4       0x40 c:/nxp/lpcxpresso_8.2.2_650/lpcxpresso/tools/bin/../lib/gcc/arm-none-eabi/5.4.1/../../../../arm-none-eabi/lib/armv7-m\libc.a(lib_a-mprec.o)
                0x0000d4f4                __mcmp
 .text.__mdiff  0x0000d534      0x128 c:/nxp/lpcxpresso_8.2.2_650/lpcxpresso/tools/bin/../lib/gcc/arm-none-eabi/5.4.1/../../../../arm-none-eabi/lib/armv7-m\libc.a(lib_a-mprec.o)
                0x0000d534                __mdiff
 .text.__ulp    0x0000d65c       0x44 c:/nxp/lpcxpresso_8.2.2_650/lpcxpresso/tools/bin/../lib/gcc/arm-none-eabi/5.4.1/../../../../arm-none-eabi/lib/armv7-m\libc.a(lib_a-mprec.o)
                0x0000d65c                __ulp
 .text.__b2d    0x0000d6a0       0xd4 c:/nxp/lpcxpresso_8.2.2_650/lpcxpresso/tools/bin/../lib/gcc/arm-none-eabi/5.4.1/../../../../arm-none-eabi/lib/armv7-m\libc.a(lib_a-mprec.o)
                0x0000d6a0                __b2d
 .text.__d2b    0x0000d774       0xa8 c:/nxp/lpcxpresso_8.2.2_650/lpcxpresso/tools/bin/../lib/gcc/arm-none-eabi/5.4.1/../../../../arm-none-eabi/lib/armv7-m\libc.a(lib_a-mprec.o)
                0x0000d774                __d2b
 .text.__ratio  0x0000d81c       0x54 c:/nxp/lpcxpresso_8.2.2_650/lpcxpresso/tools/bin/../lib/gcc/arm-none-eabi/5.4.1/../../../../arm-none-eabi/lib/armv7-m\libc.a(lib_a-mprec.o)
                0x0000d81c                __ratio
 .text.__copybits
                0x0000d870       0x48 c:/nxp/lpcxpresso_8.2.2_650/lpcxpresso/tools/bin/../lib/gcc/arm-none-eabi/5.4.1/../../../../arm-none-eabi/lib/armv7-m\libc.a(lib_a-mprec.o)
                0x0000d870                __copybits
 .text.__any_on
                0x0000d8b8       0x5c c:/nxp/lpcxpresso_8.2.2_650/lpcxpresso/tools/bin/../lib/gcc/arm-none-eabi/5.4.1/../../../../arm-none-eabi/lib/armv7-m\libc.a(lib_a-mprec.o)
                0x0000d8b8                __any_on
 .text._read_r  0x0000d914       0x2c c:/nxp/lpcxpresso_8.2.2_650/lpcxpresso/tools/bin/../lib/gcc/arm-none-eabi/5.4.1/../../../../arm-none-eabi/lib/armv7-m\libc.a(lib_a-readr.o)
                0x0000d914                _read_r
 .text.__sccl   0x0000d940       0x74 c:/nxp/lpcxpresso_8.2.2_650/lpcxpresso/tools/bin/../lib/gcc/arm-none-eabi/5.4.1/../../../../arm-none-eabi/lib/armv7-m\libc.a(lib_a-sccl.o)
                0x0000d940                __sccl
 .text.nanf     0x0000d9b4        0x8 c:/nxp/lpcxpresso_8.2.2_650/lpcxpresso/tools/bin/../lib/gcc/arm-none-eabi/5.4.1/../../../../arm-none-eabi/lib/armv7-m\libc.a(lib_a-sf_nan.o)
                0x0000d9b4                nanf
 .text.sulp     0x0000d9bc       0x44 c:/nxp/lpcxpresso_8.2.2_650/lpcxpresso/tools/bin/../lib/gcc/arm-none-eabi/5.4.1/../../../../arm-none-eabi/lib/armv7-m\libc.a(lib_a-strtod.o)
 .text._strtod_r
                0x0000da00      0xecc c:/nxp/lpcxpresso_8.2.2_650/lpcxpresso/tools/bin/../lib/gcc/arm-none-eabi/5.4.1/../../../../arm-none-eabi/lib/armv7-m\libc.a(lib_a-strtod.o)
                0x0000da00                _strtod_r
 .text._strtol_r
                0x0000e8cc      0x128 c:/nxp/lpcxpresso_8.2.2_650/lpcxpresso/tools/bin/../lib/gcc/arm-none-eabi/5.4.1/../../../../arm-none-eabi/lib/armv7-m\libc.a(lib_a-strtol.o)
                0x0000e8cc                _strtol_r
 .text._strtoll_r
                0x0000e9f4      0x1b4 c:/nxp/lpcxpresso_8.2.2_650/lpcxpresso/tools/bin/../lib/gcc/arm-none-eabi/5.4.1/../../../../arm-none-eabi/lib/armv7-m\libc.a(lib_a-strtoll_r.o)
                0x0000e9f4                _strtoll_r
 .text._strtoul_r
                0x0000eba8      0x134 c:/nxp/lpcxpresso_8.2.2_650/lpcxpresso/tools/bin/../lib/gcc/arm-none-eabi/5.4.1/../../../../arm-none-eabi/lib/armv7-m\libc.a(lib_a-strtoul.o)
                0x0000eba8                _strtoul_r
 .text._strtoull_r
                0x0000ecdc      0x1c8 c:/nxp/lpcxpresso_8.2.2_650/lpcxpresso/tools/bin/../lib/gcc/arm-none-eabi/5.4.1/../../../../arm-none-eabi/lib/armv7-m\libc.a(lib_a-strtoull_r.o)
                0x0000ecdc                _strtoull_r
 .text.__ssprint_r
                0x0000eea4      0x100 c:/nxp/lpcxpresso_8.2.2_650/lpcxpresso/tools/bin/../lib/gcc/arm-none-eabi/5.4.1/../../../../arm-none-eabi/lib/armv7-m\libc.a(lib_a-svfiprintf.o)
                0x0000eea4                __ssprint_r
 .text._sungetc_r
                0x0000efa4       0x8c c:/nxp/lpcxpresso_8.2.2_650/lpcxpresso/tools/bin/../lib/gcc/arm-none-eabi/5.4.1/../../../../arm-none-eabi/lib/armv7-m\libc.a(lib_a-svfiscanf.o)
                0x0000efa4                _sungetc_r
 .text.__ssrefill_r
                0x0000f030       0x3c c:/nxp/lpcxpresso_8.2.2_650/lpcxpresso/tools/bin/../lib/gcc/arm-none-eabi/5.4.1/../../../../arm-none-eabi/lib/armv7-m\libc.a(lib_a-svfiscanf.o)
                0x0000f030                __ssrefill_r
 .text._sfread_r
                0x0000f06c       0x84 c:/nxp/lpcxpresso_8.2.2_650/lpcxpresso/tools/bin/../lib/gcc/arm-none-eabi/5.4.1/../../../../arm-none-eabi/lib/armv7-m\libc.a(lib_a-svfiscanf.o)
                0x0000f06c                _sfread_r
 .text.__submore
                0x0000f0f0       0x7c c:/nxp/lpcxpresso_8.2.2_650/lpcxpresso/tools/bin/../lib/gcc/arm-none-eabi/5.4.1/../../../../arm-none-eabi/lib/armv7-m\libc.a(lib_a-ungetc.o)
                0x0000f0f0                __submore
 .text.__sprint_r.part.0
                0x0000f16c       0x78 c:/nxp/lpcxpresso_8.2.2_650/lpcxpresso/tools/bin/../lib/gcc/arm-none-eabi/5.4.1/../../../../arm-none-eabi/lib/armv7-m\libc.a(lib_a-vfiprintf.o)
 .text.__sprint_r
                0x0000f1e4       0x14 c:/nxp/lpcxpresso_8.2.2_650/lpcxpresso/tools/bin/../lib/gcc/arm-none-eabi/5.4.1/../../../../arm-none-eabi/lib/armv7-m\libc.a(lib_a-vfiprintf.o)
                0x0000f1e4                __sprint_r
 .text._calloc_r
                0x0000f1f8       0x60 c:/nxp/lpcxpresso_8.2.2_650/lpcxpresso/tools/bin/../lib/gcc/arm-none-eabi/5.4.1/../../../../arm-none-eabi/lib/armv7-m\libc.a(lib_a-callocr.o)
                0x0000f1f8                _calloc_r
 .text.__fputwc
                0x0000f258       0x94 c:/nxp/lpcxpresso_8.2.2_650/lpcxpresso/tools/bin/../lib/gcc/arm-none-eabi/5.4.1/../../../../arm-none-eabi/lib/armv7-m\libc.a(lib_a-fputwc.o)
                0x0000f258                __fputwc
 .text._fputwc_r
                0x0000f2ec       0x24 c:/nxp/lpcxpresso_8.2.2_650/lpcxpresso/tools/bin/../lib/gcc/arm-none-eabi/5.4.1/../../../../arm-none-eabi/lib/armv7-m\libc.a(lib_a-fputwc.o)
                0x0000f2ec                _fputwc_r
 .text.rshift   0x0000f310       0xa8 c:/nxp/lpcxpresso_8.2.2_650/lpcxpresso/tools/bin/../lib/gcc/arm-none-eabi/5.4.1/../../../../arm-none-eabi/lib/armv7-m\libc.a(lib_a-gdtoa-gethex.o)
 .text.__gethex
                0x0000f3b8      0x50c c:/nxp/lpcxpresso_8.2.2_650/lpcxpresso/tools/bin/../lib/gcc/arm-none-eabi/5.4.1/../../../../arm-none-eabi/lib/armv7-m\libc.a(lib_a-gdtoa-gethex.o)
                0x0000f3b8                __gethex
 .text.__match  0x0000f8c4       0x30 c:/nxp/lpcxpresso_8.2.2_650/lpcxpresso/tools/bin/../lib/gcc/arm-none-eabi/5.4.1/../../../../arm-none-eabi/lib/armv7-m\libc.a(lib_a-gdtoa-hexnan.o)
                0x0000f8c4                __match
 .text.__hexnan
                0x0000f8f4      0x180 c:/nxp/lpcxpresso_8.2.2_650/lpcxpresso/tools/bin/../lib/gcc/arm-none-eabi/5.4.1/../../../../arm-none-eabi/lib/armv7-m\libc.a(lib_a-gdtoa-hexnan.o)
                0x0000f8f4                __hexnan
 .text._wcrtomb_r
                0x0000fa74       0x54 c:/nxp/lpcxpresso_8.2.2_650/lpcxpresso/tools/bin/../lib/gcc/arm-none-eabi/5.4.1/../../../../arm-none-eabi/lib/armv7-m\libc.a(lib_a-wcrtomb.o)
                0x0000fa74                _wcrtomb_r
 .text.__ascii_wctomb
                0x0000fac8       0x1c c:/nxp/lpcxpresso_8.2.2_650/lpcxpresso/tools/bin/../lib/gcc/arm-none-eabi/5.4.1/../../../../arm-none-eabi/lib/armv7-m\libc.a(lib_a-wctomb_r.o)
                0x0000fac8                __ascii_wctomb
 .text._ZN10__cxxabiv120__si_class_type_infoD2Ev
                0x0000fae4       0x14 c:/nxp/lpcxpresso_8.2.2_650/lpcxpresso/tools/bin/../lib/gcc/arm-none-eabi/5.4.1/../../../../arm-none-eabi/lib/armv7-m\libstdc++.a(si_class_type_info.o)
                0x0000fae4                __cxxabiv1::__si_class_type_info::~__si_class_type_info()
                0x0000fae4                __cxxabiv1::__si_class_type_info::~__si_class_type_info()
 .text._ZN10__cxxabiv120__si_class_type_infoD0Ev
                0x0000faf8       0x1c c:/nxp/lpcxpresso_8.2.2_650/lpcxpresso/tools/bin/../lib/gcc/arm-none-eabi/5.4.1/../../../../arm-none-eabi/lib/armv7-m\libstdc++.a(si_class_type_info.o)
                0x0000faf8                __cxxabiv1::__si_class_type_info::~__si_class_type_info()
 .text._ZNK10__cxxabiv120__si_class_type_info12__do_dyncastEiNS_17__class_type_info10__sub_kindEPKS1_PKvS4_S6_RNS1_16__dyncast_resultE
                0x0000fb14       0x98 c:/nxp/lpcxpresso_8.2.2_650/lpcxpresso/tools/bin/../lib/gcc/arm-none-eabi/5.4.1/../../../../arm-none-eabi/lib/armv7-m\libstdc++.a(si_class_type_info.o)
                0x0000fb14                __cxxabiv1::__si_class_type_info::__do_dyncast(int, __cxxabiv1::__class_type_info::__sub_kind, __cxxabiv1::__class_type_info const*, void const*, __cxxabiv1::__class_type_info const*, void const*, __cxxabiv1::__class_type_info::__dyncast_result&) const
 .text._ZNK10__cxxabiv120__si_class_type_info20__do_find_public_srcEiPKvPKNS_17__class_type_infoES2_
                0x0000fbac       0x3c c:/nxp/lpcxpresso_8.2.2_650/lpcxpresso/tools/bin/../lib/gcc/arm-none-eabi/5.4.1/../../../../arm-none-eabi/lib/armv7-m\libstdc++.a(si_class_type_info.o)
                0x0000fbac                __cxxabiv1::__si_class_type_info::__do_find_public_src(int, void const*, __cxxabiv1::__class_type_info const*, void const*) const
 .text._ZNK10__cxxabiv120__si_class_type_info11__do_upcastEPKNS_17__class_type_infoEPKvRNS1_15__upcast_resultE
                0x0000fbe8       0x2c c:/nxp/lpcxpresso_8.2.2_650/lpcxpresso/tools/bin/../lib/gcc/arm-none-eabi/5.4.1/../../../../arm-none-eabi/lib/armv7-m\libstdc++.a(si_class_type_info.o)
                0x0000fbe8                __cxxabiv1::__si_class_type_info::__do_upcast(__cxxabiv1::__class_type_info const*, void const*, __cxxabiv1::__class_type_info::__upcast_result&) const
 .text._ZN10__cxxabiv121__vmi_class_type_infoD2Ev
                0x0000fc14       0x14 c:/nxp/lpcxpresso_8.2.2_650/lpcxpresso/tools/bin/../lib/gcc/arm-none-eabi/5.4.1/../../../../arm-none-eabi/lib/armv7-m\libstdc++.a(vmi_class_type_info.o)
                0x0000fc14                __cxxabiv1::__vmi_class_type_info::~__vmi_class_type_info()
                0x0000fc14                __cxxabiv1::__vmi_class_type_info::~__vmi_class_type_info()
 .text._ZN10__cxxabiv121__vmi_class_type_infoD0Ev
                0x0000fc28       0x1c c:/nxp/lpcxpresso_8.2.2_650/lpcxpresso/tools/bin/../lib/gcc/arm-none-eabi/5.4.1/../../../../arm-none-eabi/lib/armv7-m\libstdc++.a(vmi_class_type_info.o)
                0x0000fc28                __cxxabiv1::__vmi_class_type_info::~__vmi_class_type_info()
 .text._ZNK10__cxxabiv121__vmi_class_type_info20__do_find_public_srcEiPKvPKNS_17__class_type_infoES2_
                0x0000fc44       0x7c c:/nxp/lpcxpresso_8.2.2_650/lpcxpresso/tools/bin/../lib/gcc/arm-none-eabi/5.4.1/../../../../arm-none-eabi/lib/armv7-m\libstdc++.a(vmi_class_type_info.o)
                0x0000fc44                __cxxabiv1::__vmi_class_type_info::__do_find_public_src(int, void const*, __cxxabiv1::__class_type_info const*, void const*) const
 .text._ZNK10__cxxabiv121__vmi_class_type_info12__do_dyncastEiNS_17__class_type_info10__sub_kindEPKS1_PKvS4_S6_RNS1_16__dyncast_resultE
                0x0000fcc0      0x398 c:/nxp/lpcxpresso_8.2.2_650/lpcxpresso/tools/bin/../lib/gcc/arm-none-eabi/5.4.1/../../../../arm-none-eabi/lib/armv7-m\libstdc++.a(vmi_class_type_info.o)
                0x0000fcc0                __cxxabiv1::__vmi_class_type_info::__do_dyncast(int, __cxxabiv1::__class_type_info::__sub_kind, __cxxabiv1::__class_type_info const*, void const*, __cxxabiv1::__class_type_info const*, void const*, __cxxabiv1::__class_type_info::__dyncast_result&) const
 .text._ZNK10__cxxabiv121__vmi_class_type_info11__do_upcastEPKNS_17__class_type_infoEPKvRNS1_15__upcast_resultE
                0x00010058      0x150 c:/nxp/lpcxpresso_8.2.2_650/lpcxpresso/tools/bin/../lib/gcc/arm-none-eabi/5.4.1/../../../../arm-none-eabi/lib/armv7-m\libstdc++.a(vmi_class_type_info.o)
                0x00010058                __cxxabiv1::__vmi_class_type_info::__do_upcast(__cxxabiv1::__class_type_info const*, void const*, __cxxabiv1::__class_type_info::__upcast_result&) const
 .text._ZNSt9type_infoD2Ev
                0x000101a8        0x4 c:/nxp/lpcxpresso_8.2.2_650/lpcxpresso/tools/bin/../lib/gcc/arm-none-eabi/5.4.1/../../../../arm-none-eabi/lib/armv7-m\libstdc++.a(tinfo.o)
                0x000101a8                std::type_info::~type_info()
                0x000101a8                std::type_info::~type_info()
 .text._ZNKSt9type_info15__is_function_pEv
                0x000101ac        0x4 c:/nxp/lpcxpresso_8.2.2_650/lpcxpresso/tools/bin/../lib/gcc/arm-none-eabi/5.4.1/../../../../arm-none-eabi/lib/armv7-m\libstdc++.a(tinfo.o)
                0x000101ac                std::type_info::__is_pointer_p() const
                0x000101ac                std::type_info::__is_function_p() const
 .text._ZNKSt9type_infoeqERKS_
                0x000101b0       0x2c c:/nxp/lpcxpresso_8.2.2_650/lpcxpresso/tools/bin/../lib/gcc/arm-none-eabi/5.4.1/../../../../arm-none-eabi/lib/armv7-m\libstdc++.a(tinfo.o)
                0x000101b0                std::type_info::operator==(std::type_info const&) const
 .text._ZNK10__cxxabiv117__class_type_info11__do_upcastEPKS0_PPv
                0x000101dc       0x38 c:/nxp/lpcxpresso_8.2.2_650/lpcxpresso/tools/bin/../lib/gcc/arm-none-eabi/5.4.1/../../../../arm-none-eabi/lib/armv7-m\libstdc++.a(class_type_info.o)
                0x000101dc                __cxxabiv1::__class_type_info::__do_upcast(__cxxabiv1::__class_type_info const*, void**) const
 .text._ZNK10__cxxabiv117__class_type_info20__do_find_public_srcEiPKvPKS0_S2_
                0x00010214        0xc c:/nxp/lpcxpresso_8.2.2_650/lpcxpresso/tools/bin/../lib/gcc/arm-none-eabi/5.4.1/../../../../arm-none-eabi/lib/armv7-m\libstdc++.a(class_type_info.o)
                0x00010214                __cxxabiv1::__class_type_info::__do_find_public_src(int, void const*, __cxxabiv1::__class_type_info const*, void const*) const
 .text._ZN10__cxxabiv117__class_type_infoD2Ev
                0x00010220       0x14 c:/nxp/lpcxpresso_8.2.2_650/lpcxpresso/tools/bin/../lib/gcc/arm-none-eabi/5.4.1/../../../../arm-none-eabi/lib/armv7-m\libstdc++.a(class_type_info.o)
                0x00010220                __cxxabiv1::__class_type_info::~__class_type_info()
                0x00010220                __cxxabiv1::__class_type_info::~__class_type_info()
 .text._ZN10__cxxabiv117__class_type_infoD0Ev
                0x00010234       0x1c c:/nxp/lpcxpresso_8.2.2_650/lpcxpresso/tools/bin/../lib/gcc/arm-none-eabi/5.4.1/../../../../arm-none-eabi/lib/armv7-m\libstdc++.a(class_type_info.o)
                0x00010234                __cxxabiv1::__class_type_info::~__class_type_info()
 .text._ZNK10__cxxabiv117__class_type_info11__do_upcastEPKS0_PKvRNS0_15__upcast_resultE
                0x00010250       0x18 c:/nxp/lpcxpresso_8.2.2_650/lpcxpresso/tools/bin/../lib/gcc/arm-none-eabi/5.4.1/../../../../arm-none-eabi/lib/armv7-m\libstdc++.a(class_type_info.o)
                0x00010250                __cxxabiv1::__class_type_info::__do_upcast(__cxxabiv1::__class_type_info const*, void const*, __cxxabiv1::__class_type_info::__upcast_result&) const
 .text._ZNK10__cxxabiv117__class_type_info12__do_dyncastEiNS0_10__sub_kindEPKS0_PKvS3_S5_RNS0_16__dyncast_resultE
                0x00010268       0x40 c:/nxp/lpcxpresso_8.2.2_650/lpcxpresso/tools/bin/../lib/gcc/arm-none-eabi/5.4.1/../../../../arm-none-eabi/lib/armv7-m\libstdc++.a(class_type_info.o)
                0x00010268                __cxxabiv1::__class_type_info::__do_dyncast(int, __cxxabiv1::__class_type_info::__sub_kind, __cxxabiv1::__class_type_info const*, void const*, __cxxabiv1::__class_type_info const*, void const*, __cxxabiv1::__class_type_info::__dyncast_result&) const
 .text._ZNK10__cxxabiv117__class_type_info10__do_catchEPKSt9type_infoPPvj
                0x000102a8       0x2c c:/nxp/lpcxpresso_8.2.2_650/lpcxpresso/tools/bin/../lib/gcc/arm-none-eabi/5.4.1/../../../../arm-none-eabi/lib/armv7-m\libstdc++.a(class_type_info.o)
                0x000102a8                __cxxabiv1::__class_type_info::__do_catch(std::type_info const*, void**, unsigned int) const
 .text.cos      0x000102d4       0x90 c:/nxp/lpcxpresso_8.2.2_650/lpcxpresso/tools/bin/../lib/gcc/arm-none-eabi/5.4.1/../../../../arm-none-eabi/lib/armv7-m\libm.a(lib_a-s_cos.o)
                0x000102d4                cos
 .text.fabs     0x00010364        0x8 c:/nxp/lpcxpresso_8.2.2_650/lpcxpresso/tools/bin/../lib/gcc/arm-none-eabi/5.4.1/../../../../arm-none-eabi/lib/armv7-m\libm.a(lib_a-s_fabs.o)
                0x00010364                fabs
 *fill*         0x0001036c        0x4 ff
 .text.floor    0x00010370      0x110 c:/nxp/lpcxpresso_8.2.2_650/lpcxpresso/tools/bin/../lib/gcc/arm-none-eabi/5.4.1/../../../../arm-none-eabi/lib/armv7-m\libm.a(lib_a-s_floor.o)
                0x00010370                floor
 .text.sin      0x00010480       0x90 c:/nxp/lpcxpresso_8.2.2_650/lpcxpresso/tools/bin/../lib/gcc/arm-none-eabi/5.4.1/../../../../arm-none-eabi/lib/armv7-m\libm.a(lib_a-s_sin.o)
                0x00010480                sin
 .text.acos     0x00010510       0xb0 c:/nxp/lpcxpresso_8.2.2_650/lpcxpresso/tools/bin/../lib/gcc/arm-none-eabi/5.4.1/../../../../arm-none-eabi/lib/armv7-m\libm.a(lib_a-w_acos.o)
                0x00010510                acos
 .text.sqrt     0x000105c0       0xb8 c:/nxp/lpcxpresso_8.2.2_650/lpcxpresso/tools/bin/../lib/gcc/arm-none-eabi/5.4.1/../../../../arm-none-eabi/lib/armv7-m\libm.a(lib_a-w_sqrt.o)
                0x000105c0                sqrt
 .text.__ieee754_acos
                0x00010678      0x4a8 c:/nxp/lpcxpresso_8.2.2_650/lpcxpresso/tools/bin/../lib/gcc/arm-none-eabi/5.4.1/../../../../arm-none-eabi/lib/armv7-m\libm.a(lib_a-e_acos.o)
                0x00010678                __ieee754_acos
 .text.__ieee754_rem_pio2
                0x00010b20      0x42c c:/nxp/lpcxpresso_8.2.2_650/lpcxpresso/tools/bin/../lib/gcc/arm-none-eabi/5.4.1/../../../../arm-none-eabi/lib/armv7-m\libm.a(lib_a-e_rem_pio2.o)
                0x00010b20                __ieee754_rem_pio2
 .text.__ieee754_sqrt
                0x00010f4c      0x188 c:/nxp/lpcxpresso_8.2.2_650/lpcxpresso/tools/bin/../lib/gcc/arm-none-eabi/5.4.1/../../../../arm-none-eabi/lib/armv7-m\libm.a(lib_a-e_sqrt.o)
                0x00010f4c                __ieee754_sqrt
 *fill*         0x000110d4        0x4 ff
 .text.__kernel_cos
                0x000110d8      0x248 c:/nxp/lpcxpresso_8.2.2_650/lpcxpresso/tools/bin/../lib/gcc/arm-none-eabi/5.4.1/../../../../arm-none-eabi/lib/armv7-m\libm.a(lib_a-k_cos.o)
                0x000110d8                __kernel_cos
 .text.__kernel_rem_pio2
                0x00011320      0x7f0 c:/nxp/lpcxpresso_8.2.2_650/lpcxpresso/tools/bin/../lib/gcc/arm-none-eabi/5.4.1/../../../../arm-none-eabi/lib/armv7-m\libm.a(lib_a-k_rem_pio2.o)
                0x00011320                __kernel_rem_pio2
 .text.__kernel_sin
                0x00011b10      0x16c c:/nxp/lpcxpresso_8.2.2_650/lpcxpresso/tools/bin/../lib/gcc/arm-none-eabi/5.4.1/../../../../arm-none-eabi/lib/armv7-m\libm.a(lib_a-k_sin.o)
                0x00011b10                __kernel_sin
 .text.matherr  0x00011c7c        0x4 c:/nxp/lpcxpresso_8.2.2_650/lpcxpresso/tools/bin/../lib/gcc/arm-none-eabi/5.4.1/../../../../arm-none-eabi/lib/armv7-m\libm.a(lib_a-s_matherr.o)
                0x00011c7c                matherr
 .text.nan      0x00011c80        0xc c:/nxp/lpcxpresso_8.2.2_650/lpcxpresso/tools/bin/../lib/gcc/arm-none-eabi/5.4.1/../../../../arm-none-eabi/lib/armv7-m\libm.a(lib_a-s_nan.o)
                0x00011c80                nan
 *fill*         0x00011c8c        0x4 ff